Archive member included because of file (symbol)

c:/program files (x86)/atmel/atmel toolchain/avr8 gcc/native/3.4.1061/avr8-gnu-toolchain/bin/../lib/gcc/avr/4.8.1/../../../../avr/lib/avr6\libm.a(addsf3.o)
                              PID.o (__subsf3)
c:/program files (x86)/atmel/atmel toolchain/avr8 gcc/native/3.4.1061/avr8-gnu-toolchain/bin/../lib/gcc/avr/4.8.1/../../../../avr/lib/avr6\libm.a(addsf3x.o)
                              c:/program files (x86)/atmel/atmel toolchain/avr8 gcc/native/3.4.1061/avr8-gnu-toolchain/bin/../lib/gcc/avr/4.8.1/../../../../avr/lib/avr6\libm.a(addsf3.o) (__addsf3x)
c:/program files (x86)/atmel/atmel toolchain/avr8 gcc/native/3.4.1061/avr8-gnu-toolchain/bin/../lib/gcc/avr/4.8.1/../../../../avr/lib/avr6\libm.a(cmpsf2.o)
                              PWM_servo_driver.o (__ltsf2)
c:/program files (x86)/atmel/atmel toolchain/avr8 gcc/native/3.4.1061/avr8-gnu-toolchain/bin/../lib/gcc/avr/4.8.1/../../../../avr/lib/avr6\libm.a(divsf3.o)
                              PID.o (__divsf3)
c:/program files (x86)/atmel/atmel toolchain/avr8 gcc/native/3.4.1061/avr8-gnu-toolchain/bin/../lib/gcc/avr/4.8.1/../../../../avr/lib/avr6\libm.a(divsf3x.o)
                              c:/program files (x86)/atmel/atmel toolchain/avr8 gcc/native/3.4.1061/avr8-gnu-toolchain/bin/../lib/gcc/avr/4.8.1/../../../../avr/lib/avr6\libm.a(divsf3.o) (__divsf3x)
c:/program files (x86)/atmel/atmel toolchain/avr8 gcc/native/3.4.1061/avr8-gnu-toolchain/bin/../lib/gcc/avr/4.8.1/../../../../avr/lib/avr6\libm.a(fixsfsi.o)
                              PID.o (__fixsfsi)
c:/program files (x86)/atmel/atmel toolchain/avr8 gcc/native/3.4.1061/avr8-gnu-toolchain/bin/../lib/gcc/avr/4.8.1/../../../../avr/lib/avr6\libm.a(fixunssfsi.o)
                              PWM_driver.o (__fixunssfsi)
c:/program files (x86)/atmel/atmel toolchain/avr8 gcc/native/3.4.1061/avr8-gnu-toolchain/bin/../lib/gcc/avr/4.8.1/../../../../avr/lib/avr6\libm.a(floatsisf.o)
                              PWM_driver.o (__floatunsisf)
c:/program files (x86)/atmel/atmel toolchain/avr8 gcc/native/3.4.1061/avr8-gnu-toolchain/bin/../lib/gcc/avr/4.8.1/../../../../avr/lib/avr6\libm.a(fp_cmp.o)
                              c:/program files (x86)/atmel/atmel toolchain/avr8 gcc/native/3.4.1061/avr8-gnu-toolchain/bin/../lib/gcc/avr/4.8.1/../../../../avr/lib/avr6\libm.a(cmpsf2.o) (__fp_cmp)
c:/program files (x86)/atmel/atmel toolchain/avr8 gcc/native/3.4.1061/avr8-gnu-toolchain/bin/../lib/gcc/avr/4.8.1/../../../../avr/lib/avr6\libm.a(fp_inf.o)
                              c:/program files (x86)/atmel/atmel toolchain/avr8 gcc/native/3.4.1061/avr8-gnu-toolchain/bin/../lib/gcc/avr/4.8.1/../../../../avr/lib/avr6\libm.a(addsf3x.o) (__fp_inf)
c:/program files (x86)/atmel/atmel toolchain/avr8 gcc/native/3.4.1061/avr8-gnu-toolchain/bin/../lib/gcc/avr/4.8.1/../../../../avr/lib/avr6\libm.a(fp_nan.o)
                              c:/program files (x86)/atmel/atmel toolchain/avr8 gcc/native/3.4.1061/avr8-gnu-toolchain/bin/../lib/gcc/avr/4.8.1/../../../../avr/lib/avr6\libm.a(addsf3x.o) (__fp_nan)
c:/program files (x86)/atmel/atmel toolchain/avr8 gcc/native/3.4.1061/avr8-gnu-toolchain/bin/../lib/gcc/avr/4.8.1/../../../../avr/lib/avr6\libm.a(fp_pscA.o)
                              c:/program files (x86)/atmel/atmel toolchain/avr8 gcc/native/3.4.1061/avr8-gnu-toolchain/bin/../lib/gcc/avr/4.8.1/../../../../avr/lib/avr6\libm.a(addsf3x.o) (__fp_pscA)
c:/program files (x86)/atmel/atmel toolchain/avr8 gcc/native/3.4.1061/avr8-gnu-toolchain/bin/../lib/gcc/avr/4.8.1/../../../../avr/lib/avr6\libm.a(fp_pscB.o)
                              c:/program files (x86)/atmel/atmel toolchain/avr8 gcc/native/3.4.1061/avr8-gnu-toolchain/bin/../lib/gcc/avr/4.8.1/../../../../avr/lib/avr6\libm.a(addsf3x.o) (__fp_pscB)
c:/program files (x86)/atmel/atmel toolchain/avr8 gcc/native/3.4.1061/avr8-gnu-toolchain/bin/../lib/gcc/avr/4.8.1/../../../../avr/lib/avr6\libm.a(fp_round.o)
                              c:/program files (x86)/atmel/atmel toolchain/avr8 gcc/native/3.4.1061/avr8-gnu-toolchain/bin/../lib/gcc/avr/4.8.1/../../../../avr/lib/avr6\libm.a(addsf3.o) (__fp_round)
c:/program files (x86)/atmel/atmel toolchain/avr8 gcc/native/3.4.1061/avr8-gnu-toolchain/bin/../lib/gcc/avr/4.8.1/../../../../avr/lib/avr6\libm.a(fp_split3.o)
                              c:/program files (x86)/atmel/atmel toolchain/avr8 gcc/native/3.4.1061/avr8-gnu-toolchain/bin/../lib/gcc/avr/4.8.1/../../../../avr/lib/avr6\libm.a(addsf3x.o) (__fp_split3)
c:/program files (x86)/atmel/atmel toolchain/avr8 gcc/native/3.4.1061/avr8-gnu-toolchain/bin/../lib/gcc/avr/4.8.1/../../../../avr/lib/avr6\libm.a(fp_zero.o)
                              c:/program files (x86)/atmel/atmel toolchain/avr8 gcc/native/3.4.1061/avr8-gnu-toolchain/bin/../lib/gcc/avr/4.8.1/../../../../avr/lib/avr6\libm.a(addsf3x.o) (__fp_zero)
[...]
Memory Configuration

Name             Origin             Length             Attributes
text             0x00000000         0x00100000         xr
data             0x00800200         0x0000fe00         rw !x
eeprom           0x00810000         0x00010000         rw !x
fuse             0x00820000         0x00000400         rw !x
lock             0x00830000         0x00000400         rw !x
signature        0x00840000         0x00000400         rw !x
user_signatures  0x00850000         0x00000400         rw !x
*default*        0x00000000         0xffffffff

Linker script and memory map

Address of section .data set to 0x800200
LOAD c:/program files (x86)/atmel/atmel toolchain/avr8 gcc/native/3.4.1061/avr8-gnu-toolchain/bin/../lib/gcc/avr/4.8.1/../../../../avr/lib/avr6/crtm2560.o
LOAD ADC.o
LOAD Arduino.o
LOAD CAN.o
LOAD CAN_controller_driver.o
LOAD DAC.o
LOAD Game.o
LOAD IR.o
LOAD motor_driver.o
LOAD PID.o
LOAD PWM_driver.o
LOAD PWM_servo_driver.o
LOAD TWI_Master.o
LOAD UART_driver.o
LOAD SPI_driver.o
START GROUP
LOAD c:/program files (x86)/atmel/atmel toolchain/avr8 gcc/native/3.4.1061/avr8-gnu-toolchain/bin/../lib/gcc/avr/4.8.1/../../../../avr/lib/avr6\libm.a
END GROUP
START GROUP
LOAD c:/program files (x86)/atmel/atmel toolchain/avr8 gcc/native/3.4.1061/avr8-gnu-toolchain/bin/../lib/gcc/avr/4.8.1/avr6\libgcc.a
LOAD c:/program files (x86)/atmel/atmel toolchain/avr8 gcc/native/3.4.1061/avr8-gnu-toolchain/bin/../lib/gcc/avr/4.8.1/../../../../avr/lib/avr6\libm.a
LOAD c:/program files (x86)/atmel/atmel toolchain/avr8 gcc/native/3.4.1061/avr8-gnu-toolchain/bin/../lib/gcc/avr/4.8.1/../../../../avr/lib/avr6\libc.a
END GROUP

.hash
 *(.hash)

.dynsym
 *(.dynsym)

.dynstr
 *(.dynstr)

.gnu.version
 *(.gnu.version)

.gnu.version_d
 *(.gnu.version_d)

.gnu.version_r
 *(.gnu.version_r)

.rel.init
 *(.rel.init)

.rela.init
 *(.rela.init)

.rel.text
 *(.rel.text)
 *(.rel.text.*)
 *(.rel.gnu.linkonce.t*)

.rela.text
 *(.rela.text)
 *(.rela.text.*)
 *(.rela.gnu.linkonce.t*)

.rel.fini
 *(.rel.fini)

.rela.fini
 *(.rela.fini)

.rel.rodata
 *(.rel.rodata)
 *(.rel.rodata.*)
 *(.rel.gnu.linkonce.r*)

.rela.rodata
 *(.rela.rodata)
 *(.rela.rodata.*)
 *(.rela.gnu.linkonce.r*)

.rel.data
 *(.rel.data)
 *(.rel.data.*)
 *(.rel.gnu.linkonce.d*)

.rela.data
 *(.rela.data)
 *(.rela.data.*)
 *(.rela.gnu.linkonce.d*)

.rel.ctors
 *(.rel.ctors)

.rela.ctors
 *(.rela.ctors)

.rel.dtors
 *(.rel.dtors)

.rela.dtors
 *(.rela.dtors)

.rel.got
 *(.rel.got)

.rela.got
 *(.rela.got)

.rel.bss
 *(.rel.bss)

.rela.bss
 *(.rela.bss)

.rel.plt
 *(.rel.plt)

.rela.plt
 *(.rela.plt)

.text           0x00000000     0x1f68
 *(.vectors)
 .vectors       0x00000000       0xe4 c:/program files (x86)/atmel/atmel toolchain/avr8 gcc/native/3.4.1061/avr8-gnu-toolchain/bin/../lib/gcc/avr/4.8.1/../../../../avr/lib/avr6/crtm2560.o
                0x00000000                __vector_default
                0x00000000                __vectors
 *(.vectors)
 *(.progmem.gcc*)
 .progmem.gcc_sw_table.__vector_39
                0x000000e4       0xa2 TWI_Master.o
                0x00000186                . = ALIGN (0x2)
                0x00000186                __trampolines_start = .
 *(.trampolines)
 .trampolines   0x00000186        0x0 linker stubs
 *(.trampolines*)
                0x00000186                __trampolines_end = .
 *(.progmem*)
                0x00000186                . = ALIGN (0x2)
 *(.jumptables)
 *(.jumptables*)
 *(.lowtext)
 *(.lowtext*)
                0x00000186                __ctors_start = .
 *(.ctors)
                0x00000186                __ctors_end = .
                0x00000186                __dtors_start = .
 *(.dtors)
                0x00000186                __dtors_end = .
 SORT(*)(.ctors)
 SORT(*)(.dtors)
 *(.init0)
 .init0         0x00000186        0x0 c:/program files (x86)/atmel/atmel toolchain/avr8 gcc/native/3.4.1061/avr8-gnu-toolchain/bin/../lib/gcc/avr/4.8.1/../../../../avr/lib/avr6/crtm2560.o
                0x00000186                __init
 *(.init0)
 *(.init1)
 *(.init1)
 *(.init2)
 .init2         0x00000186       0x10 c:/program files (x86)/atmel/atmel toolchain/avr8 gcc/native/3.4.1061/avr8-gnu-toolchain/bin/../lib/gcc/avr/4.8.1/../../../../avr/lib/avr6/crtm2560.o
 *(.init2)
 *(.init3)
 *(.init3)
 *(.init4)
 .init4         0x00000196       0x1a c:/program files (x86)/atmel/atmel toolchain/avr8 gcc/native/3.4.1061/avr8-gnu-toolchain/bin/../lib/gcc/avr/4.8.1/avr6\libgcc.a(_copy_data.o)
                0x00000196                __do_copy_data
 .init4         0x000001b0       0x10 c:/program files (x86)/atmel/atmel toolchain/avr8 gcc/native/3.4.1061/avr8-gnu-toolchain/bin/../lib/gcc/avr/4.8.1/avr6\libgcc.a(_clear_bss.o)
                0x000001b0                __do_clear_bss
 *(.init4)
 *(.init5)
 *(.init5)
 *(.init6)
 *(.init6)
 *(.init7)
 *(.init7)
 *(.init8)
 *(.init8)
 *(.init9)
 .init9         0x000001c0        0x6 c:/program files (x86)/atmel/atmel toolchain/avr8 gcc/native/3.4.1061/avr8-gnu-toolchain/bin/../lib/gcc/avr/4.8.1/../../../../avr/lib/avr6/crtm2560.o
 *(.init9)
 *(.text)
 .text          0x000001c6        0x2 c:/program files (x86)/atmel/atmel toolchain/avr8 gcc/native/3.4.1061/avr8-gnu-toolchain/bin/../lib/gcc/avr/4.8.1/../../../../avr/lib/avr6/crtm2560.o
                0x000001c6                __vector_38
                0x000001c6                __vector_22
                0x000001c6                __vector_28
                0x000001c6                __vector_1
                0x000001c6                __vector_32
                0x000001c6                __vector_34
                0x000001c6                __vector_24
                0x000001c6                __vector_12
                0x000001c6                __vector_55
                0x000001c6                __vector_46
                0x000001c6                __bad_interrupt
                0x000001c6                __vector_6
                0x000001c6                __vector_31
                0x000001c6                __vector_35
                0x000001c6                __vector_23
                0x000001c6                __vector_30
                0x000001c6                __vector_45
                0x000001c6                __vector_25
                0x000001c6                __vector_11
                0x000001c6                __vector_54
                0x000001c6                __vector_13
                0x000001c6                __vector_17
                0x000001c6                __vector_19
                0x000001c6                __vector_56
                0x000001c6                __vector_7
                0x000001c6                __vector_49
                0x000001c6                __vector_41
                0x000001c6                __vector_43
                0x000001c6                __vector_27
                0x000001c6                __vector_5
                0x000001c6                __vector_33
                0x000001c6                __vector_47
                0x000001c6                __vector_52
                0x000001c6                __vector_37
                0x000001c6                __vector_4
                0x000001c6                __vector_44
                0x000001c6                __vector_51
                0x000001c6                __vector_9
                0x000001c6                __vector_2
                0x000001c6                __vector_21
                0x000001c6                __vector_36
                0x000001c6                __vector_29
                0x000001c6                __vector_40
                0x000001c6                __vector_8
                0x000001c6                __vector_26
                0x000001c6                __vector_48
                0x000001c6                __vector_14
                0x000001c6                __vector_53
                0x000001c6                __vector_10
                0x000001c6                __vector_50
                0x000001c6                __vector_16
                0x000001c6                __vector_18
                0x000001c6                __vector_20
                0x000001c6                __vector_42
                0x000001c8                . = ALIGN (0x2)
 *(.text.*)
 .text.ADC_read
                0x000001c8       0x2e ADC.o
                0x000001c8                ADC_read
 .text.ADC_init
                0x000001f6       0x32 ADC.o
                0x000001f6                ADC_init
 .text.main     0x00000228       0x68 Arduino.o
                0x00000228                main
 .text.__vector_3
                0x00000290       0x28 CAN.o
                0x00000290                __vector_3
 .text.can_init
                0x000002b8       0x20 CAN.o
                0x000002b8                can_init
 .text.can_interrupt
                0x000002d8       0x1c CAN.o
                0x000002d8                can_interrupt
 .text.can_transmit_complete
                0x000002f4       0x32 CAN.o
                0x000002f4                can_transmit_complete
 .text.can_message_send
                0x00000326       0xc6 CAN.o
                0x00000326                can_message_send
 .text.can_message_receive
                0x000003ec       0x6a CAN.o
                0x000003ec                can_message_receive
 .text.can_int_vect
                0x00000456       0x20 CAN.o
                0x00000456                can_int_vect
 .text.can_handle_messages
                0x00000476       0xd8 CAN.o
                0x00000476                can_handle_messages
 .text.activate_slave
                0x0000054e        0x4 CAN_controller_driver.o
                0x0000054e                activate_slave
 .text.deactivate_slave
                0x00000552        0x4 CAN_controller_driver.o
                0x00000552                deactivate_slave
 .text.mcp_2515_reset
                0x00000556       0x16 CAN_controller_driver.o
                0x00000556                mcp_2515_reset
 .text.mcp_2515_read
                0x0000056c       0x1a CAN_controller_driver.o
                0x0000056c                mcp_2515_read
 .text.mcp_2515_write
                0x00000586       0x1e CAN_controller_driver.o
                0x00000586                mcp_2515_write
 .text.mcp_2515_set_mode
                0x000005a4        0x8 CAN_controller_driver.o
                0x000005a4                mcp_2515_set_mode
 .text.mcp_2515_init
                0x000005ac       0x66 CAN_controller_driver.o
                0x000005ac                mcp_2515_init
 .text.mcp_2515_request_to_send
                0x00000612       0x10 CAN_controller_driver.o
                0x00000612                mcp_2515_request_to_send
 .text.mcp_2515_bit_modify
                0x00000622       0x28 CAN_controller_driver.o
                0x00000622                mcp_2515_bit_modify
 .text.DAC_init
                0x0000064a        0x6 DAC.o
                0x0000064a                DAC_init
 .text.DAC_send
                0x00000650       0x26 DAC.o
                0x00000650                DAC_send
 .text.HitBall  0x00000676       0x18 Game.o
                0x00000676                HitBall
 .text.PlayGame
                0x0000068e      0x1ec Game.o
                0x0000068e                PlayGame
 .text.SendInfo
                0x0000087a       0x92 Game.o
                0x0000087a                SendInfo
 .text.IR_init  0x0000090c       0x56 IR.o
                0x0000090c                IR_init
 .text.IR_average_filter
                0x00000962       0x78 IR.o
                0x00000962                IR_average_filter
 .text.IR_game_over
                0x000009da       0x36 IR.o
                0x000009da                IR_game_over
 .text.enemyScore
                0x00000a10        0x6 IR.o
                0x00000a10                enemyScore
 .text.setEnemyScore
                0x00000a16        0x6 IR.o
                0x00000a16                setEnemyScore
 .text.motor_reset_encoder
                0x00000a1c       0x1e motor_driver.o
                0x00000a1c                motor_reset_encoder
 .text.motor_set_direction
                0x00000a3a       0x22 motor_driver.o
                0x00000a3a                motor_set_direction
 .text.motor_set_speed
                0x00000a5c        0x6 motor_driver.o
                0x00000a5c                motor_set_speed
 .text.motor_encoder
                0x00000a62       0x58 motor_driver.o
                0x00000a62                motor_encoder
 .text.motor_calibrate
                0x00000aba       0x42 motor_driver.o
                0x00000aba                motor_calibrate
 .text.motor_init
                0x00000afc       0x66 motor_driver.o
                0x00000afc                motor_init
 .text.__vector_15
                0x00000b62       0x28 PID.o
                0x00000b62                __vector_15
 .text.PID_NewUpdate
                0x00000b8a       0x1c PID.o
                0x00000b8a                PID_NewUpdate
 .text.PID_init
                0x00000ba6       0x12 PID.o
                0x00000ba6                PID_init
 .text.PID_update
                0x00000bb8      0x256 PID.o
                0x00000bb8                PID_update
 .text.PID_setpos
                0x00000e0e        0xa PID.o
                0x00000e0e                PID_setpos
 .text.PWM_set_period
                0x00000e18       0x54 PWM_driver.o
                0x00000e18                PWM_set_period
 .text.PWM_init
                0x00000e6c       0x4a PWM_driver.o
                0x00000e6c                PWM_init
 .text.PWM_pulse_set
                0x00000eb6       0x46 PWM_driver.o
                0x00000eb6                PWM_pulse_set
 .text.servo_init
                0x00000efc       0x1a PWM_servo_driver.o
                0x00000efc                servo_init
 .text.set_servo
                0x00000f16       0x88 PWM_servo_driver.o
                0x00000f16                set_servo
 .text.TWI_Master_Initialise
                0x00000f9e       0x14 TWI_Master.o
                0x00000f9e                TWI_Master_Initialise
 .text.TWI_Start_Transceiver_With_Data
                0x00000fb2       0x44 TWI_Master.o
                0x00000fb2                TWI_Start_Transceiver_With_Data
 .text.__vector_39
                0x00000ff6      0x106 TWI_Master.o
                0x00000ff6                __vector_39
 .text.put_char
                0x000010fc       0x14 UART_driver.o
                0x000010fc                put_char
 .text.get_char
                0x00001110       0x12 UART_driver.o
                0x00001110                get_char
 .text.UART_init
                0x00001122       0x3c UART_driver.o
                0x00001122                UART_init
 .text.SPI_init
                0x0000115e        0xc SPI_driver.o
                0x0000115e                SPI_init
 .text.SPI_write
                0x0000116a        0xa SPI_driver.o
                0x0000116a                SPI_write
 .text.SPI_read
                0x00001174        0xc SPI_driver.o
                0x00001174                SPI_read
 .text.avr-libc.fplib
                0x00001180        0xa c:/program files (x86)/atmel/atmel toolchain/avr8 gcc/native/3.4.1061/avr8-gnu-toolchain/bin/../lib/gcc/avr/4.8.1/../../../../avr/lib/avr6\libm.a(addsf3.o)
                0x00001180                __subsf3
                0x00001182                __addsf3
 .text.avr-libc.fplib
                0x0000118a       0xc0 c:/program files (x86)/atmel/atmel toolchain/avr8 gcc/native/3.4.1061/avr8-gnu-toolchain/bin/../lib/gcc/avr/4.8.1/../../../../avr/lib/avr6\libm.a(addsf3x.o)
                0x000011a4                __addsf3x
 .text.avr-libc.fplib
                0x0000124a        0x8 c:/program files (x86)/atmel/atmel toolchain/avr8 gcc/native/3.4.1061/avr8-gnu-toolchain/bin/../lib/gcc/avr/4.8.1/../../../../avr/lib/avr6\libm.a(cmpsf2.o)
                0x0000124a                __nesf2
                0x0000124a                __eqsf2
                0x0000124a                __cmpsf2
                0x0000124a                __ltsf2
                0x0000124a                __lesf2
 .text.avr-libc.fplib
                0x00001252        0x4 c:/program files (x86)/atmel/atmel toolchain/avr8 gcc/native/3.4.1061/avr8-gnu-toolchain/bin/../lib/gcc/avr/4.8.1/../../../../avr/lib/avr6\libm.a(divsf3.o)
                0x00001252                __divsf3
 .text.avr-libc.fplib
                0x00001256       0xcc c:/program files (x86)/atmel/atmel toolchain/avr8 gcc/native/3.4.1061/avr8-gnu-toolchain/bin/../lib/gcc/avr/4.8.1/../../../../avr/lib/avr6\libm.a(divsf3x.o)
                0x0000126c                __divsf3x
                0x00001270                __divsf3_pse
 .text.avr-libc.fplib
                0x00001322        0xa c:/program files (x86)/atmel/atmel toolchain/avr8 gcc/native/3.4.1061/avr8-gnu-toolchain/bin/../lib/gcc/avr/4.8.1/../../../../avr/lib/avr6\libm.a(fixsfsi.o)
                0x00001322                __fixsfsi
 .text.avr-libc.fplib
                0x0000132c       0x58 c:/program files (x86)/atmel/atmel toolchain/avr8 gcc/native/3.4.1061/avr8-gnu-toolchain/bin/../lib/gcc/avr/4.8.1/../../../../avr/lib/avr6\libm.a(fixunssfsi.o)
                0x0000132c                __fixunssfsi
 .text.avr-libc.fplib
                0x00001384       0x7a c:/program files (x86)/atmel/atmel toolchain/avr8 gcc/native/3.4.1061/avr8-gnu-toolchain/bin/../lib/gcc/avr/4.8.1/../../../../avr/lib/avr6\libm.a(floatsisf.o)
                0x00001384                __floatunsisf
                0x00001388                __floatsisf
 .text.avr-libc.fplib
                0x000013fe       0x48 c:/program files (x86)/atmel/atmel toolchain/avr8 gcc/native/3.4.1061/avr8-gnu-toolchain/bin/../lib/gcc/avr/4.8.1/../../../../avr/lib/avr6\libm.a(fp_cmp.o)
                0x000013fe                __fp_cmp
 .text.avr-libc.fplib
                0x00001446        0xc c:/program files (x86)/atmel/atmel toolchain/avr8 gcc/native/3.4.1061/avr8-gnu-toolchain/bin/../lib/gcc/avr/4.8.1/../../../../avr/lib/avr6\libm.a(fp_inf.o)
                0x00001446                __fp_inf
 .text.avr-libc.fplib
                0x00001452        0x6 c:/program files (x86)/atmel/atmel toolchain/avr8 gcc/native/3.4.1061/avr8-gnu-toolchain/bin/../lib/gcc/avr/4.8.1/../../../../avr/lib/avr6\libm.a(fp_nan.o)
                0x00001452                __fp_nan
 .text.avr-libc.fplib
                0x00001458        0xe c:/program files (x86)/atmel/atmel toolchain/avr8 gcc/native/3.4.1061/avr8-gnu-toolchain/bin/../lib/gcc/avr/4.8.1/../../../../avr/lib/avr6\libm.a(fp_pscA.o)
                0x00001458                __fp_pscA
 .text.avr-libc.fplib
                0x00001466        0xe c:/program files (x86)/atmel/atmel toolchain/avr8 gcc/native/3.4.1061/avr8-gnu-toolchain/bin/../lib/gcc/avr/4.8.1/../../../../avr/lib/avr6\libm.a(fp_pscB.o)
                0x00001466                __fp_pscB
 .text.avr-libc.fplib
                0x00001474       0x22 c:/program files (x86)/atmel/atmel toolchain/avr8 gcc/native/3.4.1061/avr8-gnu-toolchain/bin/../lib/gcc/avr/4.8.1/../../../../avr/lib/avr6\libm.a(fp_round.o)
                0x00001474                __fp_round
 .text.avr-libc.fplib
                0x00001496       0x44 c:/program files (x86)/atmel/atmel toolchain/avr8 gcc/native/3.4.1061/avr8-gnu-toolchain/bin/../lib/gcc/avr/4.8.1/../../../../avr/lib/avr6\libm.a(fp_split3.o)
                0x00001496                __fp_split3
                0x000014a6                __fp_splitA
 .text.avr-libc.fplib
                0x000014da        0xe c:/program files (x86)/atmel/atmel toolchain/avr8 gcc/native/3.4.1061/avr8-gnu-toolchain/bin/../lib/gcc/avr/4.8.1/../../../../avr/lib/avr6\libm.a(fp_zero.o)
                0x000014da                __fp_zero
                0x000014dc                __fp_szero
 .text.avr-libc.fplib
                0x000014e8        0x8 c:/program files (x86)/atmel/atmel toolchain/avr8 gcc/native/3.4.1061/avr8-gnu-toolchain/bin/../lib/gcc/avr/4.8.1/../../../../avr/lib/avr6\libm.a(gesf2.o)
                0x000014e8                __gesf2
                0x000014e8                __gtsf2
 .text.avr-libc.fplib
                0x000014f0        0x4 c:/program files (x86)/atmel/atmel toolchain/avr8 gcc/native/3.4.1061/avr8-gnu-toolchain/bin/../lib/gcc/avr/4.8.1/../../../../avr/lib/avr6\libm.a(mulsf3.o)
                0x000014f0                __mulsf3
 .text.avr-libc.fplib
                0x000014f4       0xc2 c:/program files (x86)/atmel/atmel toolchain/avr8 gcc/native/3.4.1061/avr8-gnu-toolchain/bin/../lib/gcc/avr/4.8.1/../../../../avr/lib/avr6\libm.a(mulsf3x.o)
                0x00001508                __mulsf3x
                0x0000150c                __mulsf3_pse
 .text.libgcc.div
                0x000015b6       0x28 c:/program files (x86)/atmel/atmel toolchain/avr8 gcc/native/3.4.1061/avr8-gnu-toolchain/bin/../lib/gcc/avr/4.8.1/avr6\libgcc.a(_udivmodhi4.o)
                0x000015b6                __udivmodhi4
 .text.libgcc.div
                0x000015de       0x44 c:/program files (x86)/atmel/atmel toolchain/avr8 gcc/native/3.4.1061/avr8-gnu-toolchain/bin/../lib/gcc/avr/4.8.1/avr6\libgcc.a(_udivmodsi4.o)
                0x000015de                __udivmodsi4
 .text.libgcc.div
                0x00001622       0x28 c:/program files (x86)/atmel/atmel toolchain/avr8 gcc/native/3.4.1061/avr8-gnu-toolchain/bin/../lib/gcc/avr/4.8.1/avr6\libgcc.a(_divmodsi4.o)
                0x00001622                __divmodsi4
 .text.libgcc.div
                0x0000164a       0x10 c:/program files (x86)/atmel/atmel toolchain/avr8 gcc/native/3.4.1061/avr8-gnu-toolchain/bin/../lib/gcc/avr/4.8.1/avr6\libgcc.a(_negsi2.o)
                0x0000164a                __negsi2
 .text.libgcc   0x0000165a        0xc c:/program files (x86)/atmel/atmel toolchain/avr8 gcc/native/3.4.1061/avr8-gnu-toolchain/bin/../lib/gcc/avr/4.8.1/avr6\libgcc.a(_tablejump.o)
                0x0000165a                __tablejump2__
                0x0000165e                __tablejump__
 .text.libgcc.mul
                0x00001666        0xc c:/program files (x86)/atmel/atmel toolchain/avr8 gcc/native/3.4.1061/avr8-gnu-toolchain/bin/../lib/gcc/avr/4.8.1/avr6\libgcc.a(_mulhisi3.o)
                0x00001666                __mulhisi3
 .text.libgcc.mul
                0x00001672       0x1e c:/program files (x86)/atmel/atmel toolchain/avr8 gcc/native/3.4.1061/avr8-gnu-toolchain/bin/../lib/gcc/avr/4.8.1/avr6\libgcc.a(_umulhisi3.o)
                0x00001672                __umulhisi3
 .text.libgcc.mul
                0x00001690        0xc c:/program files (x86)/atmel/atmel toolchain/avr8 gcc/native/3.4.1061/avr8-gnu-toolchain/bin/../lib/gcc/avr/4.8.1/avr6\libgcc.a(_usmulhisi3.o)
                0x00001690                __usmulhisi3
                0x00001692                __usmulhisi3_tail
 .text.avr-libc
                0x0000169c       0x94 c:/program files (x86)/atmel/atmel toolchain/avr8 gcc/native/3.4.1061/avr8-gnu-toolchain/bin/../lib/gcc/avr/4.8.1/../../../../avr/lib/avr6\libc.a(fdevopen.o)
                0x0000169c                fdevopen
 .text.avr-libc
                0x00001730       0x22 c:/program files (x86)/atmel/atmel toolchain/avr8 gcc/native/3.4.1061/avr8-gnu-toolchain/bin/../lib/gcc/avr/4.8.1/../../../../avr/lib/avr6\libc.a(printf.o)
                0x00001730                printf
 .text.avr-libc
                0x00001752       0x5a c:/program files (x86)/atmel/atmel toolchain/avr8 gcc/native/3.4.1061/avr8-gnu-toolchain/bin/../lib/gcc/avr/4.8.1/../../../../avr/lib/avr6\libc.a(puts.o)
                0x00001752                puts
 .text.avr-libc
                0x000017ac      0x3dc c:/program files (x86)/atmel/atmel toolchain/avr8 gcc/native/3.4.1061/avr8-gnu-toolchain/bin/../lib/gcc/avr/4.8.1/../../../../avr/lib/avr6\libc.a(vfprintf_std.o)
                0x000017ac                vfprintf
 .text.avr-libc
                0x00001b88       0x34 c:/program files (x86)/atmel/atmel toolchain/avr8 gcc/native/3.4.1061/avr8-gnu-toolchain/bin/../lib/gcc/avr/4.8.1/../../../../avr/lib/avr6\libc.a(calloc.o)
                0x00001b88                calloc
 .text.avr-libc
                0x00001bbc      0x24e c:/program files (x86)/atmel/atmel toolchain/avr8 gcc/native/3.4.1061/avr8-gnu-toolchain/bin/../lib/gcc/avr/4.8.1/../../../../avr/lib/avr6\libc.a(malloc.o)
                0x00001bbc                malloc
                0x00001cec                free
 .text.avr-libc
                0x00001e0a       0x16 c:/program files (x86)/atmel/atmel toolchain/avr8 gcc/native/3.4.1061/avr8-gnu-toolchain/bin/../lib/gcc/avr/4.8.1/../../../../avr/lib/avr6\libc.a(strnlen_P.o)
                0x00001e0a                strnlen_P
 .text.avr-libc
                0x00001e20        0xe c:/program files (x86)/atmel/atmel toolchain/avr8 gcc/native/3.4.1061/avr8-gnu-toolchain/bin/../lib/gcc/avr/4.8.1/../../../../avr/lib/avr6\libc.a(memset.o)
                0x00001e20                memset
 .text.avr-libc
                0x00001e2e       0x16 c:/program files (x86)/atmel/atmel toolchain/avr8 gcc/native/3.4.1061/avr8-gnu-toolchain/bin/../lib/gcc/avr/4.8.1/../../../../avr/lib/avr6\libc.a(strnlen.o)
                0x00001e2e                strnlen
 .text.avr-libc
                0x00001e44       0x64 c:/program files (x86)/atmel/atmel toolchain/avr8 gcc/native/3.4.1061/avr8-gnu-toolchain/bin/../lib/gcc/avr/4.8.1/../../../../avr/lib/avr6\libc.a(fputc.o)
                0x00001e44                fputc
 .text.avr-libc
                0x00001ea8       0xbc c:/program files (x86)/atmel/atmel toolchain/avr8 gcc/native/3.4.1061/avr8-gnu-toolchain/bin/../lib/gcc/avr/4.8.1/../../../../avr/lib/avr6\libc.a(ultoa_invert.o)
                0x00001ea8                __ultoa_invert
                0x00001f64                . = ALIGN (0x2)
 *(.fini9)
 .fini9         0x00001f64        0x0 c:/program files (x86)/atmel/atmel toolchain/avr8 gcc/native/3.4.1061/avr8-gnu-toolchain/bin/../lib/gcc/avr/4.8.1/avr6\libgcc.a(_exit.o)
                0x00001f64                _exit
                0x00001f64                exit
 *(.fini9)
 *(.fini8)
 *(.fini8)
 *(.fini7)
 *(.fini7)
 *(.fini6)
 *(.fini6)
 *(.fini5)
 *(.fini5)
 *(.fini4)
 *(.fini4)
 *(.fini3)
 *(.fini3)
 *(.fini2)
 *(.fini2)
 *(.fini1)
 *(.fini1)
 *(.fini0)
 .fini0         0x00001f64        0x4 c:/program files (x86)/atmel/atmel toolchain/avr8 gcc/native/3.4.1061/avr8-gnu-toolchain/bin/../lib/gcc/avr/4.8.1/avr6\libgcc.a(_exit.o)
 *(.fini0)
                0x00001f68                _etext = .

.data           0x00800200      0x136 load address 0x00001f68
                0x00800200                PROVIDE (__data_start, .)
 *(.data)
 .data          0x00800200        0x6 c:/program files (x86)/atmel/atmel toolchain/avr8 gcc/native/3.4.1061/avr8-gnu-toolchain/bin/../lib/gcc/avr/4.8.1/../../../../avr/lib/avr6\libc.a(malloc.o)
                0x00800200                __malloc_heap_end
                0x00800202                __malloc_heap_start
                0x00800204                __malloc_margin
 *(.data*)
 .data.num_readings
                0x00800206        0x1 IR.o
                0x00800206                num_readings
 .data.Kd       0x00800207        0x4 PID.o
                0x00800207                Kd
 .data.Ki       0x0080020b        0x4 PID.o
                0x0080020b                Ki
 .data.Kp       0x0080020f        0x4 PID.o
                0x0080020f                Kp
 .data.timestep
                0x00800213        0x4 PID.o
                0x00800213                timestep
 .data.TWI_state
                0x00800217        0x1 TWI_Master.o
 *(.rodata)
 *(.rodata*)
 .rodata.str1.1
                0x00800218       0x50 Arduino.o
 .rodata.str1.1
                0x00800268       0x91 CAN_controller_driver.o
 .rodata.str1.1
                0x008002f9       0x3d Game.o
 *(.gnu.linkonce.d*)
                0x00800336                . = ALIGN (0x2)
                0x00800336                _edata = .
                0x00800336                PROVIDE (__data_end, .)

.bss            0x00800336       0x63
                0x00800336                PROVIDE (__bss_start, .)
 *(.bss)
 *(.bss*)
 .bss.buffer_number.1651
                0x00800336        0x2 CAN.o
 .bss.flag      0x00800338        0x2 CAN.o
                0x00800338                flag
 .bss.menuOption
                0x0080033a        0x2 Game.o
                0x0080033a                menuOption
 .bss.sendinfoFlag
                0x0080033c        0x2 Game.o
                0x0080033c                sendinfoFlag
 .bss.points    0x0080033e        0x2 Game.o
                0x0080033e                points
 .bss.hasBeen0  0x00800340        0x1 IR.o
                0x00800340                hasBeen0
 .bss.enemys    0x00800341        0x1 IR.o
 .bss.total     0x00800342        0x2 IR.o
                0x00800342                total
 .bss.read_index
                0x00800344        0x1 IR.o
                0x00800344                read_index
 .bss.deriv     0x00800345        0x4 PID.o
                0x00800345                deriv
 .bss.eprev     0x00800349        0x4 PID.o
                0x00800349                eprev
 .bss.integral  0x0080034d        0x4 PID.o
                0x0080034d                integral
 .bss.flagpid   0x00800351        0x2 PID.o
                0x00800351                flagpid
 .bss.pwm_timer_freq
                0x00800353        0x2 PWM_driver.o
 .bss.TWI_bufPtr.1535
                0x00800355        0x1 TWI_Master.o
 .bss.TWI_statusReg
                0x00800356        0x1 TWI_Master.o
                0x00800356                TWI_statusReg
 .bss.TWI_msgSize
                0x00800357        0x1 TWI_Master.o
 .bss.TWI_buf   0x00800358        0x4 TWI_Master.o
 *(COMMON)
 COMMON         0x0080035c       0x1f Game.o
                0x0080035c                setpunktmotor
                0x00800360                Slider_L
                0x00800364                solonoidFlag
                0x00800366                RightButton
                0x00800368                Reset
                0x0080036a                servo
                0x0080036c                Slider_R
                0x0080036e                LeftButton
                0x00800370                canMessage
 COMMON         0x0080037b        0x8 IR.o
                0x0080037b                readings
 COMMON         0x00800383        0xa PID.o
                0x00800383                pos
                0x00800385                posd
                0x00800387                speed
                0x00800389                e
                0x0080038b                abse
 COMMON         0x0080038d        0x2 PWM_driver.o
                0x0080038d                pulse
 COMMON         0x0080038f        0x6 c:/program files (x86)/atmel/atmel toolchain/avr8 gcc/native/3.4.1061/avr8-gnu-toolchain/bin/../lib/gcc/avr/4.8.1/../../../../avr/lib/avr6\libc.a(iob.o)
                0x0080038f                __iob
 COMMON         0x00800395        0x4 c:/program files (x86)/atmel/atmel toolchain/avr8 gcc/native/3.4.1061/avr8-gnu-toolchain/bin/../lib/gcc/avr/4.8.1/../../../../avr/lib/avr6\libc.a(malloc.o)
                0x00800395                __brkval
                0x00800397                __flp
                0x00800399                PROVIDE (__bss_end, .)
                0x00001f68                __data_load_start = LOADADDR (.data)
                0x0000209e                __data_load_end = (__data_load_start + SIZEOF (.data))

.noinit         0x00800399        0x0
                0x00800399                PROVIDE (__noinit_start, .)
 *(.noinit*)
                0x00800399                PROVIDE (__noinit_end, .)
                0x00800399                _end = .
                0x00800399                PROVIDE (__heap_start, .)

.eeprom         0x00810000        0x0
 *(.eeprom*)
                0x00810000                __eeprom_end = .

.fuse
 *(.fuse)
 *(.lfuse)
 *(.hfuse)
 *(.efuse)

.lock
 *(.lock*)

.signature
 *(.signature*)

.user_signatures
 *(.user_signatures*)

.stab
 *(.stab)

.stabstr
 *(.stabstr)

.stab.excl
 *(.stab.excl)

.stab.exclstr
 *(.stab.exclstr)

.stab.index
 *(.stab.index)

.stab.indexstr
 *(.stab.indexstr)

.comment        0x00000000       0x5c
 *(.comment)
 .comment       0x00000000       0x30 ADC.o
                                 0x31 (size before relaxing)
 .comment       0x00000000       0x31 Arduino.o
 .comment       0x00000000       0x31 CAN.o
 .comment       0x00000000       0x31 CAN_controller_driver.o
 .comment       0x00000000       0x31 DAC.o
 .comment       0x00000000       0x31 Game.o
 .comment       0x00000000       0x31 IR.o
 .comment       0x00000000       0x31 motor_driver.o
 .comment       0x00000000       0x31 PID.o
 .comment       0x00000000       0x31 PWM_driver.o
 .comment       0x00000000       0x31 PWM_servo_driver.o
 .comment       0x00000000       0x31 TWI_Master.o
 .comment       0x00000000       0x31 UART_driver.o
 .comment       0x00000000       0x31 SPI_driver.o
 .comment       0x00000000       0x31 c:/program files (x86)/atmel/atmel toolchain/avr8 gcc/native/3.4.1061/avr8-gnu-toolchain/bin/../lib/gcc/avr/4.8.1/../../../../avr/lib/avr6\libc.a(fdevopen.o)
 .comment       0x00000000       0x31 c:/program files (x86)/atmel/atmel toolchain/avr8 gcc/native/3.4.1061/avr8-gnu-toolchain/bin/../lib/gcc/avr/4.8.1/../../../../avr/lib/avr6\libc.a(iob.o)
 .comment       0x00000000       0x31 c:/program files (x86)/atmel/atmel toolchain/avr8 gcc/native/3.4.1061/avr8-gnu-toolchain/bin/../lib/gcc/avr/4.8.1/../../../../avr/lib/avr6\libc.a(printf.o)
 .comment       0x00000000       0x31 c:/program files (x86)/atmel/atmel toolchain/avr8 gcc/native/3.4.1061/avr8-gnu-toolchain/bin/../lib/gcc/avr/4.8.1/../../../../avr/lib/avr6\libc.a(puts.o)
 .comment       0x00000030       0x2c c:/program files (x86)/atmel/atmel toolchain/avr8 gcc/native/3.4.1061/avr8-gnu-toolchain/bin/../lib/gcc/avr/4.8.1/../../../../avr/lib/avr6\libc.a(vfprintf_std.o)
                                 0x2d (size before relaxing)
 .comment       0x00000000       0x31 c:/program files (x86)/atmel/atmel toolchain/avr8 gcc/native/3.4.1061/avr8-gnu-toolchain/bin/../lib/gcc/avr/4.8.1/../../../../avr/lib/avr6\libc.a(calloc.o)
 .comment       0x00000000       0x31 c:/program files (x86)/atmel/atmel toolchain/avr8 gcc/native/3.4.1061/avr8-gnu-toolchain/bin/../lib/gcc/avr/4.8.1/../../../../avr/lib/avr6\libc.a(malloc.o)
 .comment       0x00000000       0x31 c:/program files (x86)/atmel/atmel toolchain/avr8 gcc/native/3.4.1061/avr8-gnu-toolchain/bin/../lib/gcc/avr/4.8.1/../../../../avr/lib/avr6\libc.a(fputc.o)

.note.gnu.build-id
 *(.note.gnu.build-id)

.debug
 *(.debug)

.line
 *(.line)

.debug_srcinfo
 *(.debug_srcinfo)

.debug_sfnames
 *(.debug_sfnames)

.debug_aranges  0x00000000      0x360
 *(.debug_aranges)
 .debug_aranges
                0x00000000       0x28 ADC.o
 .debug_aranges
                0x00000028       0x40 Arduino.o
 .debug_aranges
                0x00000068       0x58 CAN.o
 .debug_aranges
                0x000000c0       0x68 CAN_controller_driver.o
 .debug_aranges
                0x00000128       0x28 DAC.o
 .debug_aranges
                0x00000150       0x38 Game.o
 .debug_aranges
                0x00000188       0x40 IR.o
 .debug_aranges
                0x000001c8       0x48 motor_driver.o
 .debug_aranges
                0x00000210       0x48 PID.o
 .debug_aranges
                0x00000258       0x30 PWM_driver.o
 .debug_aranges
                0x00000288       0x28 PWM_servo_driver.o
 .debug_aranges
                0x000002b0       0x50 TWI_Master.o
 .debug_aranges
                0x00000300       0x30 UART_driver.o
 .debug_aranges
                0x00000330       0x30 SPI_driver.o

.debug_pubnames
 *(.debug_pubnames)

.debug_info     0x00000000     0x3112
 *(.debug_info .gnu.linkonce.wi.*)
 .debug_info    0x00000000       0xe0 ADC.o
 .debug_info    0x000000e0      0xb14 Arduino.o
 .debug_info    0x00000bf4      0x5c2 CAN.o
 .debug_info    0x000011b6      0x577 CAN_controller_driver.o
 .debug_info    0x0000172d      0x13a DAC.o
 .debug_info    0x00001867      0x622 Game.o
 .debug_info    0x00001e89      0x20f IR.o
 .debug_info    0x00002098      0x42b motor_driver.o
 .debug_info    0x000024c3      0x3ea PID.o
 .debug_info    0x000028ad      0x177 PWM_driver.o
 .debug_info    0x00002a24      0x1a6 PWM_servo_driver.o
 .debug_info    0x00002bca      0x27d TWI_Master.o
 .debug_info    0x00002e47      0x201 UART_driver.o
 .debug_info    0x00003048       0xca SPI_driver.o

.debug_abbrev   0x00000000     0x14fb
 *(.debug_abbrev)
 .debug_abbrev  0x00000000       0x92 ADC.o
 .debug_abbrev  0x00000092      0x2cb Arduino.o
 .debug_abbrev  0x0000035d      0x207 CAN.o
 .debug_abbrev  0x00000564      0x1f5 CAN_controller_driver.o
 .debug_abbrev  0x00000759      0x100 DAC.o
 .debug_abbrev  0x00000859      0x241 Game.o
 .debug_abbrev  0x00000a9a      0x14c IR.o
 .debug_abbrev  0x00000be6      0x1f2 motor_driver.o
 .debug_abbrev  0x00000dd8      0x1ec PID.o
 .debug_abbrev  0x00000fc4       0xd1 PWM_driver.o
 .debug_abbrev  0x00001095       0xeb PWM_servo_driver.o
 .debug_abbrev  0x00001180      0x18f TWI_Master.o
 .debug_abbrev  0x0000130f      0x15c UART_driver.o
 .debug_abbrev  0x0000146b       0x90 SPI_driver.o

.debug_line     0x00000000     0x1c5a
 *(.debug_line .debug_line.* .debug_line_end)
 .debug_line    0x00000000      0x117 ADC.o
 .debug_line    0x00000117      0x3d1 Arduino.o
 .debug_line    0x000004e8      0x2f9 CAN.o
 .debug_line    0x000007e1      0x317 CAN_controller_driver.o
 .debug_line    0x00000af8       0xf3 DAC.o
 .debug_line    0x00000beb      0x312 Game.o
 .debug_line    0x00000efd      0x19c IR.o
 .debug_line    0x00001099      0x2b6 motor_driver.o
 .debug_line    0x0000134f      0x205 PID.o
 .debug_line    0x00001554      0x142 PWM_driver.o
 .debug_line    0x00001696       0xa1 PWM_servo_driver.o
 .debug_line    0x00001737      0x2c7 TWI_Master.o
 .debug_line    0x000019fe      0x148 UART_driver.o
 .debug_line    0x00001b46      0x114 SPI_driver.o

.debug_frame    0x00000000      0x7f0
 *(.debug_frame)
 .debug_frame   0x00000000       0x34 ADC.o
 .debug_frame   0x00000034       0xe0 Arduino.o
 .debug_frame   0x00000114      0x110 CAN.o
 .debug_frame   0x00000224      0x10c CAN_controller_driver.o
 .debug_frame   0x00000330       0x44 DAC.o
 .debug_frame   0x00000374       0x9c Game.o
 .debug_frame   0x00000410       0x7c IR.o
 .debug_frame   0x0000048c       0x8c motor_driver.o
 .debug_frame   0x00000518       0xd8 PID.o
 .debug_frame   0x000005f0       0x78 PWM_driver.o
 .debug_frame   0x00000668       0x48 PWM_servo_driver.o
 .debug_frame   0x000006b0       0xb8 TWI_Master.o
 .debug_frame   0x00000768       0x44 UART_driver.o
 .debug_frame   0x000007ac       0x44 SPI_driver.o

.debug_str      0x00000000      0x9a8
 *(.debug_str)
 .debug_str     0x00000000      0x14c ADC.o
                                0x185 (size before relaxing)
 .debug_str     0x0000014c      0x1cc Arduino.o
                                0x34b (size before relaxing)
 .debug_str     0x00000318      0x14a CAN.o
                                0x2f4 (size before relaxing)
 .debug_str     0x00000462       0xa0 CAN_controller_driver.o
                                0x2cf (size before relaxing)
 .debug_str     0x00000502       0x9a DAC.o
                                0x1cd (size before relaxing)
 .debug_str     0x0000059c       0xae Game.o
                                0x334 (size before relaxing)
 .debug_str     0x0000064a       0x6b IR.o
                                0x20d (size before relaxing)
 .debug_str     0x000006b5       0xa2 motor_driver.o
                                0x275 (size before relaxing)
 .debug_str     0x00000757       0x68 PID.o
                                0x25e (size before relaxing)
 .debug_str     0x000007bf       0x69 PWM_driver.o
                                0x1d8 (size before relaxing)
 .debug_str     0x00000828       0x45 PWM_servo_driver.o
                                0x1c1 (size before relaxing)
 .debug_str     0x0000086d       0xcd TWI_Master.o
                                0x268 (size before relaxing)
 .debug_str     0x0000093a       0x56 UART_driver.o
                                0x1b8 (size before relaxing)
 .debug_str     0x00000990       0x18 SPI_driver.o
                                0x180 (size before relaxing)

.debug_loc      0x00000000     0x1ab4
 *(.debug_loc)
 .debug_loc     0x00000000       0x44 ADC.o
 .debug_loc     0x00000044      0x556 Arduino.o
 .debug_loc     0x0000059a      0x45d CAN.o
 .debug_loc     0x000009f7      0x3f3 CAN_controller_driver.o
 .debug_loc     0x00000dea       0x75 DAC.o
 .debug_loc     0x00000e5f      0x29a Game.o
 .debug_loc     0x000010f9       0xc1 IR.o
 .debug_loc     0x000011ba      0x1b3 motor_driver.o
 .debug_loc     0x0000136d      0x2e6 PID.o
 .debug_loc     0x00001653      0x1a3 PWM_driver.o
 .debug_loc     0x000017f6      0x110 PWM_servo_driver.o
 .debug_loc     0x00001906      0x150 TWI_Master.o
 .debug_loc     0x00001a56       0x5e UART_driver.o

.debug_macinfo
 *(.debug_macinfo)

.debug_weaknames
 *(.debug_weaknames)

.debug_funcnames
 *(.debug_funcnames)

.debug_typenames
 *(.debug_typenames)

.debug_varnames
 *(.debug_varnames)

.debug_pubtypes
 *(.debug_pubtypes)

.debug_ranges   0x00000000      0x2f8
 *(.debug_ranges)
 .debug_ranges  0x00000000       0x18 ADC.o
 .debug_ranges  0x00000018       0xa8 Arduino.o
 .debug_ranges  0x000000c0       0x48 CAN.o
 .debug_ranges  0x00000108       0x58 CAN_controller_driver.o
 .debug_ranges  0x00000160       0x18 DAC.o
 .debug_ranges  0x00000178       0x28 Game.o
 .debug_ranges  0x000001a0       0x30 IR.o
 .debug_ranges  0x000001d0       0x38 motor_driver.o
 .debug_ranges  0x00000208       0x38 PID.o
 .debug_ranges  0x00000240       0x20 PWM_driver.o
 .debug_ranges  0x00000260       0x18 PWM_servo_driver.o
 .debug_ranges  0x00000278       0x40 TWI_Master.o
 .debug_ranges  0x000002b8       0x20 UART_driver.o
 .debug_ranges  0x000002d8       0x20 SPI_driver.o

.debug_macro
 *(.debug_macro)
OUTPUT(Arduino.elf elf32-avr)
LOAD linker stubs
