Archive member included because of file (symbol)

c:/program files (x86)/atmel/atmel toolchain/avr8 gcc/native/3.4.1061/avr8-gnu-toolchain/bin/../lib/gcc/avr/4.8.1/../../../../avr/lib/avr6\libm.a(addsf3.o)
                              PID.o (__subsf3)
c:/program files (x86)/atmel/atmel toolchain/avr8 gcc/native/3.4.1061/avr8-gnu-toolchain/bin/../lib/gcc/avr/4.8.1/../../../../avr/lib/avr6\libm.a(addsf3x.o)
                              c:/program files (x86)/atmel/atmel toolchain/avr8 gcc/native/3.4.1061/avr8-gnu-toolchain/bin/../lib/gcc/avr/4.8.1/../../../../avr/lib/avr6\libm.a(addsf3.o) (__addsf3x)
c:/program files (x86)/atmel/atmel toolchain/avr8 gcc/native/3.4.1061/avr8-gnu-toolchain/bin/../lib/gcc/avr/4.8.1/../../../../avr/lib/avr6\libm.a(cmpsf2.o)
                              PWM_servo_driver.o (__ltsf2)
c:/program files (x86)/atmel/atmel toolchain/avr8 gcc/native/3.4.1061/avr8-gnu-toolchain/bin/../lib/gcc/avr/4.8.1/../../../../avr/lib/avr6\libm.a(divsf3.o)
                              PID.o (__divsf3)
c:/program files (x86)/atmel/atmel toolchain/avr8 gcc/native/3.4.1061/avr8-gnu-toolchain/bin/../lib/gcc/avr/4.8.1/../../../../avr/lib/avr6\libm.a(divsf3x.o)
                              c:/program files (x86)/atmel/atmel toolchain/avr8 gcc/native/3.4.1061/avr8-gnu-toolchain/bin/../lib/gcc/avr/4.8.1/../../../../avr/lib/avr6\libm.a(divsf3.o) (__divsf3x)
c:/program files (x86)/atmel/atmel toolchain/avr8 gcc/native/3.4.1061/avr8-gnu-toolchain/bin/../lib/gcc/avr/4.8.1/../../../../avr/lib/avr6\libm.a(fixsfsi.o)
                              PID.o (__fixsfsi)
c:/program files (x86)/atmel/atmel toolchain/avr8 gcc/native/3.4.1061/avr8-gnu-toolchain/bin/../lib/gcc/avr/4.8.1/../../../../avr/lib/avr6\libm.a(fixunssfsi.o)
                              PWM_driver.o (__fixunssfsi)
c:/program files (x86)/atmel/atmel toolchain/avr8 gcc/native/3.4.1061/avr8-gnu-toolchain/bin/../lib/gcc/avr/4.8.1/../../../../avr/lib/avr6\libm.a(floatsisf.o)
                              PWM_driver.o (__floatunsisf)
c:/program files (x86)/atmel/atmel toolchain/avr8 gcc/native/3.4.1061/avr8-gnu-toolchain/bin/../lib/gcc/avr/4.8.1/../../../../avr/lib/avr6\libm.a(fp_cmp.o)
                              c:/program files (x86)/atmel/atmel toolchain/avr8 gcc/native/3.4.1061/avr8-gnu-toolchain/bin/../lib/gcc/avr/4.8.1/../../../../avr/lib/avr6\libm.a(cmpsf2.o) (__fp_cmp)
c:/program files (x86)/atmel/atmel toolchain/avr8 gcc/native/3.4.1061/avr8-gnu-toolchain/bin/../lib/gcc/avr/4.8.1/../../../../avr/lib/avr6\libm.a(fp_inf.o)
                              c:/program files (x86)/atmel/atmel toolchain/avr8 gcc/native/3.4.1061/avr8-gnu-toolchain/bin/../lib/gcc/avr/4.8.1/../../../../avr/lib/avr6\libm.a(addsf3x.o) (__fp_inf)
c:/program files (x86)/atmel/atmel toolchain/avr8 gcc/native/3.4.1061/avr8-gnu-toolchain/bin/../lib/gcc/avr/4.8.1/../../../../avr/lib/avr6\libm.a(fp_nan.o)
                              c:/program files (x86)/atmel/atmel toolchain/avr8 gcc/native/3.4.1061/avr8-gnu-toolchain/bin/../lib/gcc/avr/4.8.1/../../../../avr/lib/avr6\libm.a(addsf3x.o) (__fp_nan)
c:/program files (x86)/atmel/atmel toolchain/avr8 gcc/native/3.4.1061/avr8-gnu-toolchain/bin/../lib/gcc/avr/4.8.1/../../../../avr/lib/avr6\libm.a(fp_pscA.o)
                              c:/program files (x86)/atmel/atmel toolchain/avr8 gcc/native/3.4.1061/avr8-gnu-toolchain/bin/../lib/gcc/avr/4.8.1/../../../../avr/lib/avr6\libm.a(addsf3x.o) (__fp_pscA)
c:/program files (x86)/atmel/atmel toolchain/avr8 gcc/native/3.4.1061/avr8-gnu-toolchain/bin/../lib/gcc/avr/4.8.1/../../../../avr/lib/avr6\libm.a(fp_pscB.o)
                              c:/program files (x86)/atmel/atmel toolchain/avr8 gcc/native/3.4.1061/avr8-gnu-toolchain/bin/../lib/gcc/avr/4.8.1/../../../../avr/lib/avr6\libm.a(addsf3x.o) (__fp_pscB)
c:/program files (x86)/atmel/atmel toolchain/avr8 gcc/native/3.4.1061/avr8-gnu-toolchain/bin/../lib/gcc/avr/4.8.1/../../../../avr/lib/avr6\libm.a(fp_round.o)
                              c:/program files (x86)/atmel/atmel toolchain/avr8 gcc/native/3.4.1061/avr8-gnu-toolchain/bin/../lib/gcc/avr/4.8.1/../../../../avr/lib/avr6\libm.a(addsf3.o) (__fp_round)
c:/program files (x86)/atmel/atmel toolchain/avr8 gcc/native/3.4.1061/avr8-gnu-toolchain/bin/../lib/gcc/avr/4.8.1/../../../../avr/lib/avr6\libm.a(fp_split3.o)
                              c:/program files (x86)/atmel/atmel toolchain/avr8 gcc/native/3.4.1061/avr8-gnu-toolchain/bin/../lib/gcc/avr/4.8.1/../../../../avr/lib/avr6\libm.a(addsf3x.o) (__fp_split3)
c:/program files (x86)/atmel/atmel toolchain/avr8 gcc/native/3.4.1061/avr8-gnu-toolchain/bin/../lib/gcc/avr/4.8.1/../../../../avr/lib/avr6\libm.a(fp_zero.o)
                              c:/program files (x86)/atmel/atmel toolchain/avr8 gcc/native/3.4.1061/avr8-gnu-toolchain/bin/../lib/gcc/avr/4.8.1/../../../../avr/lib/avr6\libm.a(addsf3x.o) (__fp_zero)
[...]
Memory Configuration

Name             Origin             Length             Attributes
text             0x00000000         0x00100000         xr
data             0x00800200         0x0000fe00         rw !x
eeprom           0x00810000         0x00010000         rw !x
fuse             0x00820000         0x00000400         rw !x
lock             0x00830000         0x00000400         rw !x
signature        0x00840000         0x00000400         rw !x
user_signatures  0x00850000         0x00000400         rw !x
*default*        0x00000000         0xffffffff

Linker script and memory map

Address of section .data set to 0x800200
LOAD c:/program files (x86)/atmel/atmel toolchain/avr8 gcc/native/3.4.1061/avr8-gnu-toolchain/bin/../lib/gcc/avr/4.8.1/../../../../avr/lib/avr6/crtm2560.o
LOAD ADC.o
LOAD Arduino.o
LOAD CAN.o
LOAD CAN_controller_driver.o
LOAD DAC.o
LOAD Game.o
LOAD IR.o
LOAD motor_driver.o
LOAD PID.o
LOAD PWM_driver.o
LOAD PWM_servo_driver.o
LOAD TWI_Master.o
LOAD UART_driver.o
LOAD SPI_driver.o
START GROUP
LOAD c:/program files (x86)/atmel/atmel toolchain/avr8 gcc/native/3.4.1061/avr8-gnu-toolchain/bin/../lib/gcc/avr/4.8.1/../../../../avr/lib/avr6\libm.a
END GROUP
START GROUP
LOAD c:/program files (x86)/atmel/atmel toolchain/avr8 gcc/native/3.4.1061/avr8-gnu-toolchain/bin/../lib/gcc/avr/4.8.1/avr6\libgcc.a
LOAD c:/program files (x86)/atmel/atmel toolchain/avr8 gcc/native/3.4.1061/avr8-gnu-toolchain/bin/../lib/gcc/avr/4.8.1/../../../../avr/lib/avr6\libm.a
LOAD c:/program files (x86)/atmel/atmel toolchain/avr8 gcc/native/3.4.1061/avr8-gnu-toolchain/bin/../lib/gcc/avr/4.8.1/../../../../avr/lib/avr6\libc.a
END GROUP

.hash
 *(.hash)

.dynsym
 *(.dynsym)

.dynstr
 *(.dynstr)

.gnu.version
 *(.gnu.version)

.gnu.version_d
 *(.gnu.version_d)

.gnu.version_r
 *(.gnu.version_r)

.rel.init
 *(.rel.init)

.rela.init
 *(.rela.init)

.rel.text
 *(.rel.text)
 *(.rel.text.*)
 *(.rel.gnu.linkonce.t*)

.rela.text
 *(.rela.text)
 *(.rela.text.*)
 *(.rela.gnu.linkonce.t*)

.rel.fini
 *(.rel.fini)

.rela.fini
 *(.rela.fini)

.rel.rodata
 *(.rel.rodata)
 *(.rel.rodata.*)
 *(.rel.gnu.linkonce.r*)

.rela.rodata
 *(.rela.rodata)
 *(.rela.rodata.*)
 *(.rela.gnu.linkonce.r*)

.rel.data
 *(.rel.data)
 *(.rel.data.*)
 *(.rel.gnu.linkonce.d*)

.rela.data
 *(.rela.data)
 *(.rela.data.*)
 *(.rela.gnu.linkonce.d*)

.rel.ctors
 *(.rel.ctors)

.rela.ctors
 *(.rela.ctors)

.rel.dtors
 *(.rel.dtors)

.rela.dtors
 *(.rela.dtors)

.rel.got
 *(.rel.got)

.rela.got
 *(.rela.got)

.rel.bss
 *(.rel.bss)

.rela.bss
 *(.rela.bss)

.rel.plt
 *(.rel.plt)

.rela.plt
 *(.rela.plt)

.text           0x00000000     0x1fa8
 *(.vectors)
 .vectors       0x00000000       0xe4 c:/program files (x86)/atmel/atmel toolchain/avr8 gcc/native/3.4.1061/avr8-gnu-toolchain/bin/../lib/gcc/avr/4.8.1/../../../../avr/lib/avr6/crtm2560.o
                0x00000000                __vector_default
                0x00000000                __vectors
 *(.vectors)
 *(.progmem.gcc*)
 .progmem.gcc_sw_table.__vector_39
                0x000000e4       0xa2 TWI_Master.o
                0x00000186                . = ALIGN (0x2)
                0x00000186                __trampolines_start = .
 *(.trampolines)
 .trampolines   0x00000186        0x0 linker stubs
 *(.trampolines*)
                0x00000186                __trampolines_end = .
 *(.progmem*)
                0x00000186                . = ALIGN (0x2)
 *(.jumptables)
 *(.jumptables*)
 *(.lowtext)
 *(.lowtext*)
                0x00000186                __ctors_start = .
 *(.ctors)
                0x00000186                __ctors_end = .
                0x00000186                __dtors_start = .
 *(.dtors)
                0x00000186                __dtors_end = .
 SORT(*)(.ctors)
 SORT(*)(.dtors)
 *(.init0)
 .init0         0x00000186        0x0 c:/program files (x86)/atmel/atmel toolchain/avr8 gcc/native/3.4.1061/avr8-gnu-toolchain/bin/../lib/gcc/avr/4.8.1/../../../../avr/lib/avr6/crtm2560.o
                0x00000186                __init
 *(.init0)
 *(.init1)
 *(.init1)
 *(.init2)
 .init2         0x00000186       0x10 c:/program files (x86)/atmel/atmel toolchain/avr8 gcc/native/3.4.1061/avr8-gnu-toolchain/bin/../lib/gcc/avr/4.8.1/../../../../avr/lib/avr6/crtm2560.o
 *(.init2)
 *(.init3)
 *(.init3)
 *(.init4)
 .init4         0x00000196       0x1a c:/program files (x86)/atmel/atmel toolchain/avr8 gcc/native/3.4.1061/avr8-gnu-toolchain/bin/../lib/gcc/avr/4.8.1/avr6\libgcc.a(_copy_data.o)
                0x00000196                __do_copy_data
 .init4         0x000001b0       0x10 c:/program files (x86)/atmel/atmel toolchain/avr8 gcc/native/3.4.1061/avr8-gnu-toolchain/bin/../lib/gcc/avr/4.8.1/avr6\libgcc.a(_clear_bss.o)
                0x000001b0                __do_clear_bss
 *(.init4)
 *(.init5)
 *(.init5)
 *(.init6)
 *(.init6)
 *(.init7)
 *(.init7)
 *(.init8)
 *(.init8)
 *(.init9)
 .init9         0x000001c0        0x6 c:/program files (x86)/atmel/atmel toolchain/avr8 gcc/native/3.4.1061/avr8-gnu-toolchain/bin/../lib/gcc/avr/4.8.1/../../../../avr/lib/avr6/crtm2560.o
 *(.init9)
 *(.text)
 .text          0x000001c6        0x2 c:/program files (x86)/atmel/atmel toolchain/avr8 gcc/native/3.4.1061/avr8-gnu-toolchain/bin/../lib/gcc/avr/4.8.1/../../../../avr/lib/avr6/crtm2560.o
                0x000001c6                __vector_38
                0x000001c6                __vector_22
                0x000001c6                __vector_28
                0x000001c6                __vector_1
                0x000001c6                __vector_32
                0x000001c6                __vector_34
                0x000001c6                __vector_24
                0x000001c6                __vector_12
                0x000001c6                __vector_55
                0x000001c6                __vector_46
                0x000001c6                __bad_interrupt
                0x000001c6                __vector_6
                0x000001c6                __vector_31
                0x000001c6                __vector_35
                0x000001c6                __vector_23
                0x000001c6                __vector_30
                0x000001c6                __vector_45
                0x000001c6                __vector_25
                0x000001c6                __vector_11
                0x000001c6                __vector_54
                0x000001c6                __vector_13
                0x000001c6                __vector_17
                0x000001c6                __vector_19
                0x000001c6                __vector_56
                0x000001c6                __vector_7
                0x000001c6                __vector_49
                0x000001c6                __vector_41
                0x000001c6                __vector_43
                0x000001c6                __vector_27
                0x000001c6                __vector_5
                0x000001c6                __vector_33
                0x000001c6                __vector_47
                0x000001c6                __vector_52
                0x000001c6                __vector_37
                0x000001c6                __vector_4
                0x000001c6                __vector_44
                0x000001c6                __vector_51
                0x000001c6                __vector_9
                0x000001c6                __vector_2
                0x000001c6                __vector_21
                0x000001c6                __vector_36
                0x000001c6                __vector_29
                0x000001c6                __vector_40
                0x000001c6                __vector_8
                0x000001c6                __vector_26
                0x000001c6                __vector_48
                0x000001c6                __vector_14
                0x000001c6                __vector_53
                0x000001c6                __vector_10
                0x000001c6                __vector_50
                0x000001c6                __vector_16
                0x000001c6                __vector_18
                0x000001c6                __vector_20
                0x000001c6                __vector_42
                0x000001c8                . = ALIGN (0x2)
 *(.text.*)
 .text.ADC_read
                0x000001c8       0x2e ADC.o
                0x000001c8                ADC_read
 .text.ADC_init
                0x000001f6       0x32 ADC.o
                0x000001f6                ADC_init
 .text.main     0x00000228       0x68 Arduino.o
                0x00000228                main
 .text.__vector_3
                0x00000290       0x28 CAN.o
                0x00000290                __vector_3
 .text.can_init
                0x000002b8       0x20 CAN.o
                0x000002b8                can_init
 .text.can_interrupt
                0x000002d8       0x1c CAN.o
                0x000002d8                can_interrupt
 .text.can_transmit_complete
                0x000002f4       0x32 CAN.o
                0x000002f4                can_transmit_complete
 .text.can_message_send
                0x00000326       0xc6 CAN.o
                0x00000326                can_message_send
 .text.can_message_receive
                0x000003ec       0x6a CAN.o
                0x000003ec                can_message_receive
 .text.can_int_vect
                0x00000456       0x20 CAN.o
                0x00000456                can_int_vect
 .text.can_handle_messages
                0x00000476       0xd6 CAN.o
                0x00000476                can_handle_messages
 .text.activate_slave
                0x0000054c        0x4 CAN_controller_driver.o
                0x0000054c                activate_slave
 .text.deactivate_slave
                0x00000550        0x4 CAN_controller_driver.o
                0x00000550                deactivate_slave
 .text.mcp_2515_reset
                0x00000554       0x16 CAN_controller_driver.o
                0x00000554                mcp_2515_reset
 .text.mcp_2515_read
                0x0000056a       0x1a CAN_controller_driver.o
                0x0000056a                mcp_2515_read
 .text.mcp_2515_write
                0x00000584       0x1e CAN_controller_driver.o
                0x00000584                mcp_2515_write
 .text.mcp_2515_set_mode
                0x000005a2        0x8 CAN_controller_driver.o
                0x000005a2                mcp_2515_set_mode
 .text.mcp_2515_init
                0x000005aa       0x66 CAN_controller_driver.o
                0x000005aa                mcp_2515_init
 .text.mcp_2515_request_to_send
                0x00000610       0x10 CAN_controller_driver.o
                0x00000610                mcp_2515_request_to_send
 .text.mcp_2515_bit_modify
                0x00000620       0x28 CAN_controller_driver.o
                0x00000620                mcp_2515_bit_modify
 .text.DAC_init
                0x00000648        0x6 DAC.o
                0x00000648                DAC_init
 .text.DAC_send
                0x0000064e       0x26 DAC.o
                0x0000064e                DAC_send
 .text.HitBall  0x00000674       0x18 Game.o
                0x00000674                HitBall
 .text.PlayGame
                0x0000068c      0x1f4 Game.o
                0x0000068c                PlayGame
 .text.SendInfo
                0x00000880       0x88 Game.o
                0x00000880                SendInfo
 .text.IR_init  0x00000908       0x56 IR.o
                0x00000908                IR_init
 .text.IR_average_filter
                0x0000095e       0x78 IR.o
                0x0000095e                IR_average_filter
 .text.IR_game_over
                0x000009d6       0x36 IR.o
                0x000009d6                IR_game_over
 .text.enemyScore
                0x00000a0c        0x6 IR.o
                0x00000a0c                enemyScore
 .text.setEnemyScore
                0x00000a12        0x6 IR.o
                0x00000a12                setEnemyScore
 .text.motor_reset_encoder
                0x00000a18       0x1e motor_driver.o
                0x00000a18                motor_reset_encoder
 .text.motor_set_direction
                0x00000a36       0x22 motor_driver.o
                0x00000a36                motor_set_direction
 .text.motor_set_speed
                0x00000a58        0x6 motor_driver.o
                0x00000a58                motor_set_speed
 .text.motor_encoder
                0x00000a5e       0x58 motor_driver.o
                0x00000a5e                motor_encoder
 .text.motor_calibrate
                0x00000ab6       0x42 motor_driver.o
                0x00000ab6                motor_calibrate
 .text.motor_init
                0x00000af8       0x66 motor_driver.o
                0x00000af8                motor_init
 .text.__vector_15
                0x00000b5e      0x2ac PID.o
                0x00000b5e                __vector_15
 .text.PID_init
                0x00000e0a        0xc PID.o
                0x00000e0a                PID_init
 .text.PID_start
                0x00000e16        0x8 PID.o
                0x00000e16                PID_start
 .text.PID_stop
                0x00000e1e        0x6 PID.o
                0x00000e1e                PID_stop
 .text.PID_setpos
                0x00000e24        0xa PID.o
                0x00000e24                PID_setpos
 .text.PID_SET_EASY
                0x00000e2e        0xe PID.o
                0x00000e2e                PID_SET_EASY
 .text.PID_SET_MEDIUM
                0x00000e3c        0xe PID.o
                0x00000e3c                PID_SET_MEDIUM
 .text.PID_SET_HARD
                0x00000e4a        0xe PID.o
                0x00000e4a                PID_SET_HARD
 .text.PWM_set_period
                0x00000e58       0x54 PWM_driver.o
                0x00000e58                PWM_set_period
 .text.PWM_init
                0x00000eac       0x4a PWM_driver.o
                0x00000eac                PWM_init
 .text.PWM_pulse_set
                0x00000ef6       0x46 PWM_driver.o
                0x00000ef6                PWM_pulse_set
 .text.servo_init
                0x00000f3c       0x1a PWM_servo_driver.o
                0x00000f3c                servo_init
 .text.set_servo
                0x00000f56       0x88 PWM_servo_driver.o
                0x00000f56                set_servo
 .text.TWI_Master_Initialise
                0x00000fde       0x14 TWI_Master.o
                0x00000fde                TWI_Master_Initialise
 .text.TWI_Start_Transceiver_With_Data
                0x00000ff2       0x44 TWI_Master.o
                0x00000ff2                TWI_Start_Transceiver_With_Data
 .text.__vector_39
                0x00001036      0x106 TWI_Master.o
                0x00001036                __vector_39
 .text.put_char
                0x0000113c       0x14 UART_driver.o
                0x0000113c                put_char
 .text.get_char
                0x00001150       0x12 UART_driver.o
                0x00001150                get_char
 .text.UART_init
                0x00001162       0x3c UART_driver.o
                0x00001162                UART_init
 .text.SPI_init
                0x0000119e        0xc SPI_driver.o
                0x0000119e                SPI_init
 .text.SPI_write
                0x000011aa        0xa SPI_driver.o
                0x000011aa                SPI_write
 .text.SPI_read
                0x000011b4        0xc SPI_driver.o
                0x000011b4                SPI_read
 .text.avr-libc.fplib
                0x000011c0        0xa c:/program files (x86)/atmel/atmel toolchain/avr8 gcc/native/3.4.1061/avr8-gnu-toolchain/bin/../lib/gcc/avr/4.8.1/../../../../avr/lib/avr6\libm.a(addsf3.o)
                0x000011c0                __subsf3
                0x000011c2                __addsf3
 .text.avr-libc.fplib
                0x000011ca       0xc0 c:/program files (x86)/atmel/atmel toolchain/avr8 gcc/native/3.4.1061/avr8-gnu-toolchain/bin/../lib/gcc/avr/4.8.1/../../../../avr/lib/avr6\libm.a(addsf3x.o)
                0x000011e4                __addsf3x
 .text.avr-libc.fplib
                0x0000128a        0x8 c:/program files (x86)/atmel/atmel toolchain/avr8 gcc/native/3.4.1061/avr8-gnu-toolchain/bin/../lib/gcc/avr/4.8.1/../../../../avr/lib/avr6\libm.a(cmpsf2.o)
                0x0000128a                __nesf2
                0x0000128a                __eqsf2
                0x0000128a                __cmpsf2
                0x0000128a                __ltsf2
                0x0000128a                __lesf2
 .text.avr-libc.fplib
                0x00001292        0x4 c:/program files (x86)/atmel/atmel toolchain/avr8 gcc/native/3.4.1061/avr8-gnu-toolchain/bin/../lib/gcc/avr/4.8.1/../../../../avr/lib/avr6\libm.a(divsf3.o)
                0x00001292                __divsf3
 .text.avr-libc.fplib
                0x00001296       0xcc c:/program files (x86)/atmel/atmel toolchain/avr8 gcc/native/3.4.1061/avr8-gnu-toolchain/bin/../lib/gcc/avr/4.8.1/../../../../avr/lib/avr6\libm.a(divsf3x.o)
                0x000012ac                __divsf3x
                0x000012b0                __divsf3_pse
 .text.avr-libc.fplib
                0x00001362        0xa c:/program files (x86)/atmel/atmel toolchain/avr8 gcc/native/3.4.1061/avr8-gnu-toolchain/bin/../lib/gcc/avr/4.8.1/../../../../avr/lib/avr6\libm.a(fixsfsi.o)
                0x00001362                __fixsfsi
 .text.avr-libc.fplib
                0x0000136c       0x58 c:/program files (x86)/atmel/atmel toolchain/avr8 gcc/native/3.4.1061/avr8-gnu-toolchain/bin/../lib/gcc/avr/4.8.1/../../../../avr/lib/avr6\libm.a(fixunssfsi.o)
                0x0000136c                __fixunssfsi
 .text.avr-libc.fplib
                0x000013c4       0x7a c:/program files (x86)/atmel/atmel toolchain/avr8 gcc/native/3.4.1061/avr8-gnu-toolchain/bin/../lib/gcc/avr/4.8.1/../../../../avr/lib/avr6\libm.a(floatsisf.o)
                0x000013c4                __floatunsisf
                0x000013c8                __floatsisf
 .text.avr-libc.fplib
                0x0000143e       0x48 c:/program files (x86)/atmel/atmel toolchain/avr8 gcc/native/3.4.1061/avr8-gnu-toolchain/bin/../lib/gcc/avr/4.8.1/../../../../avr/lib/avr6\libm.a(fp_cmp.o)
                0x0000143e                __fp_cmp
 .text.avr-libc.fplib
                0x00001486        0xc c:/program files (x86)/atmel/atmel toolchain/avr8 gcc/native/3.4.1061/avr8-gnu-toolchain/bin/../lib/gcc/avr/4.8.1/../../../../avr/lib/avr6\libm.a(fp_inf.o)
                0x00001486                __fp_inf
 .text.avr-libc.fplib
                0x00001492        0x6 c:/program files (x86)/atmel/atmel toolchain/avr8 gcc/native/3.4.1061/avr8-gnu-toolchain/bin/../lib/gcc/avr/4.8.1/../../../../avr/lib/avr6\libm.a(fp_nan.o)
                0x00001492                __fp_nan
 .text.avr-libc.fplib
                0x00001498        0xe c:/program files (x86)/atmel/atmel toolchain/avr8 gcc/native/3.4.1061/avr8-gnu-toolchain/bin/../lib/gcc/avr/4.8.1/../../../../avr/lib/avr6\libm.a(fp_pscA.o)
                0x00001498                __fp_pscA
 .text.avr-libc.fplib
                0x000014a6        0xe c:/program files (x86)/atmel/atmel toolchain/avr8 gcc/native/3.4.1061/avr8-gnu-toolchain/bin/../lib/gcc/avr/4.8.1/../../../../avr/lib/avr6\libm.a(fp_pscB.o)
                0x000014a6                __fp_pscB
 .text.avr-libc.fplib
                0x000014b4       0x22 c:/program files (x86)/atmel/atmel toolchain/avr8 gcc/native/3.4.1061/avr8-gnu-toolchain/bin/../lib/gcc/avr/4.8.1/../../../../avr/lib/avr6\libm.a(fp_round.o)
                0x000014b4                __fp_round
 .text.avr-libc.fplib
                0x000014d6       0x44 c:/program files (x86)/atmel/atmel toolchain/avr8 gcc/native/3.4.1061/avr8-gnu-toolchain/bin/../lib/gcc/avr/4.8.1/../../../../avr/lib/avr6\libm.a(fp_split3.o)
                0x000014d6                __fp_split3
                0x000014e6                __fp_splitA
 .text.avr-libc.fplib
                0x0000151a        0xe c:/program files (x86)/atmel/atmel toolchain/avr8 gcc/native/3.4.1061/avr8-gnu-toolchain/bin/../lib/gcc/avr/4.8.1/../../../../avr/lib/avr6\libm.a(fp_zero.o)
                0x0000151a                __fp_zero
                0x0000151c                __fp_szero
 .text.avr-libc.fplib
                0x00001528        0x8 c:/program files (x86)/atmel/atmel toolchain/avr8 gcc/native/3.4.1061/avr8-gnu-toolchain/bin/../lib/gcc/avr/4.8.1/../../../../avr/lib/avr6\libm.a(gesf2.o)
                0x00001528                __gesf2
                0x00001528                __gtsf2
 .text.avr-libc.fplib
                0x00001530        0x4 c:/program files (x86)/atmel/atmel toolchain/avr8 gcc/native/3.4.1061/avr8-gnu-toolchain/bin/../lib/gcc/avr/4.8.1/../../../../avr/lib/avr6\libm.a(mulsf3.o)
                0x00001530                __mulsf3
 .text.avr-libc.fplib
                0x00001534       0xc2 c:/program files (x86)/atmel/atmel toolchain/avr8 gcc/native/3.4.1061/avr8-gnu-toolchain/bin/../lib/gcc/avr/4.8.1/../../../../avr/lib/avr6\libm.a(mulsf3x.o)
                0x00001548                __mulsf3x
                0x0000154c                __mulsf3_pse
 .text.libgcc.div
                0x000015f6       0x28 c:/program files (x86)/atmel/atmel toolchain/avr8 gcc/native/3.4.1061/avr8-gnu-toolchain/bin/../lib/gcc/avr/4.8.1/avr6\libgcc.a(_udivmodhi4.o)
                0x000015f6                __udivmodhi4
 .text.libgcc.div
                0x0000161e       0x44 c:/program files (x86)/atmel/atmel toolchain/avr8 gcc/native/3.4.1061/avr8-gnu-toolchain/bin/../lib/gcc/avr/4.8.1/avr6\libgcc.a(_udivmodsi4.o)
                0x0000161e                __udivmodsi4
 .text.libgcc.div
                0x00001662       0x28 c:/program files (x86)/atmel/atmel toolchain/avr8 gcc/native/3.4.1061/avr8-gnu-toolchain/bin/../lib/gcc/avr/4.8.1/avr6\libgcc.a(_divmodsi4.o)
                0x00001662                __divmodsi4
 .text.libgcc.div
                0x0000168a       0x10 c:/program files (x86)/atmel/atmel toolchain/avr8 gcc/native/3.4.1061/avr8-gnu-toolchain/bin/../lib/gcc/avr/4.8.1/avr6\libgcc.a(_negsi2.o)
                0x0000168a                __negsi2
 .text.libgcc   0x0000169a        0xc c:/program files (x86)/atmel/atmel toolchain/avr8 gcc/native/3.4.1061/avr8-gnu-toolchain/bin/../lib/gcc/avr/4.8.1/avr6\libgcc.a(_tablejump.o)
                0x0000169a                __tablejump2__
                0x0000169e                __tablejump__
 .text.libgcc.mul
                0x000016a6        0xc c:/program files (x86)/atmel/atmel toolchain/avr8 gcc/native/3.4.1061/avr8-gnu-toolchain/bin/../lib/gcc/avr/4.8.1/avr6\libgcc.a(_mulhisi3.o)
                0x000016a6                __mulhisi3
 .text.libgcc.mul
                0x000016b2       0x1e c:/program files (x86)/atmel/atmel toolchain/avr8 gcc/native/3.4.1061/avr8-gnu-toolchain/bin/../lib/gcc/avr/4.8.1/avr6\libgcc.a(_umulhisi3.o)
                0x000016b2                __umulhisi3
 .text.libgcc.mul
                0x000016d0        0xc c:/program files (x86)/atmel/atmel toolchain/avr8 gcc/native/3.4.1061/avr8-gnu-toolchain/bin/../lib/gcc/avr/4.8.1/avr6\libgcc.a(_usmulhisi3.o)
                0x000016d0                __usmulhisi3
                0x000016d2                __usmulhisi3_tail
 .text.avr-libc
                0x000016dc       0x94 c:/program files (x86)/atmel/atmel toolchain/avr8 gcc/native/3.4.1061/avr8-gnu-toolchain/bin/../lib/gcc/avr/4.8.1/../../../../avr/lib/avr6\libc.a(fdevopen.o)
                0x000016dc                fdevopen
 .text.avr-libc
                0x00001770       0x22 c:/program files (x86)/atmel/atmel toolchain/avr8 gcc/native/3.4.1061/avr8-gnu-toolchain/bin/../lib/gcc/avr/4.8.1/../../../../avr/lib/avr6\libc.a(printf.o)
                0x00001770                printf
 .text.avr-libc
                0x00001792       0x5a c:/program files (x86)/atmel/atmel toolchain/avr8 gcc/native/3.4.1061/avr8-gnu-toolchain/bin/../lib/gcc/avr/4.8.1/../../../../avr/lib/avr6\libc.a(puts.o)
                0x00001792                puts
 .text.avr-libc
                0x000017ec      0x3dc c:/program files (x86)/atmel/atmel toolchain/avr8 gcc/native/3.4.1061/avr8-gnu-toolchain/bin/../lib/gcc/avr/4.8.1/../../../../avr/lib/avr6\libc.a(vfprintf_std.o)
                0x000017ec                vfprintf
 .text.avr-libc
                0x00001bc8       0x34 c:/program files (x86)/atmel/atmel toolchain/avr8 gcc/native/3.4.1061/avr8-gnu-toolchain/bin/../lib/gcc/avr/4.8.1/../../../../avr/lib/avr6\libc.a(calloc.o)
                0x00001bc8                calloc
 .text.avr-libc
                0x00001bfc      0x24e c:/program files (x86)/atmel/atmel toolchain/avr8 gcc/native/3.4.1061/avr8-gnu-toolchain/bin/../lib/gcc/avr/4.8.1/../../../../avr/lib/avr6\libc.a(malloc.o)
                0x00001bfc                malloc
                0x00001d2c                free
 .text.avr-libc
                0x00001e4a       0x16 c:/program files (x86)/atmel/atmel toolchain/avr8 gcc/native/3.4.1061/avr8-gnu-toolchain/bin/../lib/gcc/avr/4.8.1/../../../../avr/lib/avr6\libc.a(strnlen_P.o)
                0x00001e4a                strnlen_P
 .text.avr-libc
                0x00001e60        0xe c:/program files (x86)/atmel/atmel toolchain/avr8 gcc/native/3.4.1061/avr8-gnu-toolchain/bin/../lib/gcc/avr/4.8.1/../../../../avr/lib/avr6\libc.a(memset.o)
                0x00001e60                memset
 .text.avr-libc
                0x00001e6e       0x16 c:/program files (x86)/atmel/atmel toolchain/avr8 gcc/native/3.4.1061/avr8-gnu-toolchain/bin/../lib/gcc/avr/4.8.1/../../../../avr/lib/avr6\libc.a(strnlen.o)
                0x00001e6e                strnlen
 .text.avr-libc
                0x00001e84       0x64 c:/program files (x86)/atmel/atmel toolchain/avr8 gcc/native/3.4.1061/avr8-gnu-toolchain/bin/../lib/gcc/avr/4.8.1/../../../../avr/lib/avr6\libc.a(fputc.o)
                0x00001e84                fputc
 .text.avr-libc
                0x00001ee8       0xbc c:/program files (x86)/atmel/atmel toolchain/avr8 gcc/native/3.4.1061/avr8-gnu-toolchain/bin/../lib/gcc/avr/4.8.1/../../../../avr/lib/avr6\libc.a(ultoa_invert.o)
                0x00001ee8                __ultoa_invert
                0x00001fa4                . = ALIGN (0x2)
 *(.fini9)
 .fini9         0x00001fa4        0x0 c:/program files (x86)/atmel/atmel toolchain/avr8 gcc/native/3.4.1061/avr8-gnu-toolchain/bin/../lib/gcc/avr/4.8.1/avr6\libgcc.a(_exit.o)
                0x00001fa4                _exit
                0x00001fa4                exit
 *(.fini9)
 *(.fini8)
 *(.fini8)
 *(.fini7)
 *(.fini7)
 *(.fini6)
 *(.fini6)
 *(.fini5)
 *(.fini5)
 *(.fini4)
 *(.fini4)
 *(.fini3)
 *(.fini3)
 *(.fini2)
 *(.fini2)
 *(.fini1)
 *(.fini1)
 *(.fini0)
 .fini0         0x00001fa4        0x4 c:/program files (x86)/atmel/atmel toolchain/avr8 gcc/native/3.4.1061/avr8-gnu-toolchain/bin/../lib/gcc/avr/4.8.1/avr6\libgcc.a(_exit.o)
 *(.fini0)
                0x00001fa8                _etext = .

.data           0x00800200       0xfc load address 0x00001fa8
                0x00800200                PROVIDE (__data_start, .)
 *(.data)
 .data          0x00800200        0x6 c:/program files (x86)/atmel/atmel toolchain/avr8 gcc/native/3.4.1061/avr8-gnu-toolchain/bin/../lib/gcc/avr/4.8.1/../../../../avr/lib/avr6\libc.a(malloc.o)
                0x00800200                __malloc_heap_end
                0x00800202                __malloc_heap_start
                0x00800204                __malloc_margin
 *(.data*)
 .data.num_readings
                0x00800206        0x1 IR.o
                0x00800206                num_readings
 .data.topspeed
                0x00800207        0x2 PID.o
                0x00800207                topspeed
 .data.Kd       0x00800209        0x4 PID.o
                0x00800209                Kd
 .data.Ki       0x0080020d        0x4 PID.o
                0x0080020d                Ki
 .data.Kp       0x00800211        0x4 PID.o
                0x00800211                Kp
 .data.timestep
                0x00800215        0x4 PID.o
                0x00800215                timestep
 .data.TWI_state
                0x00800219        0x1 TWI_Master.o
 *(.rodata)
 *(.rodata*)
 .rodata.str1.1
                0x0080021a       0x50 Arduino.o
 .rodata.str1.1
                0x0080026a       0x91 CAN_controller_driver.o
 *(.gnu.linkonce.d*)
                0x008002fc                . = ALIGN (0x2)
 *fill*         0x008002fb        0x1 
                0x008002fc                _edata = .
                0x008002fc                PROVIDE (__data_end, .)

.bss            0x008002fc       0x6c
                0x008002fc                PROVIDE (__bss_start, .)
 *(.bss)
 *(.bss*)
 .bss.buffer_number.1652
                0x008002fc        0x2 CAN.o
 .bss.flag      0x008002fe        0x2 CAN.o
                0x008002fe                flag
 .bss.menuOption
                0x00800300        0x2 Game.o
                0x00800300                menuOption
 .bss.sendinfoFlag
                0x00800302        0x2 Game.o
                0x00800302                sendinfoFlag
 .bss.points    0x00800304        0x2 Game.o
                0x00800304                points
 .bss.hasBeen0  0x00800306        0x1 IR.o
                0x00800306                hasBeen0
 .bss.enemys    0x00800307        0x1 IR.o
 .bss.total     0x00800308        0x2 IR.o
                0x00800308                total
 .bss.read_index
                0x0080030a        0x1 IR.o
                0x0080030a                read_index
 .bss.deriv     0x0080030b        0x4 PID.o
                0x0080030b                deriv
 .bss.eprev     0x0080030f        0x4 PID.o
                0x0080030f                eprev
 .bss.integral  0x00800313        0x4 PID.o
                0x00800313                integral
 .bss.pwm_timer_freq
                0x00800317        0x2 PWM_driver.o
 .bss.TWI_bufPtr.1535
                0x00800319        0x1 TWI_Master.o
 .bss.TWI_statusReg
                0x0080031a        0x1 TWI_Master.o
                0x0080031a                TWI_statusReg
 .bss.TWI_msgSize
                0x0080031b        0x1 TWI_Master.o
 .bss.TWI_buf   0x0080031c        0x4 TWI_Master.o
 *(COMMON)
 COMMON         0x00800320        0xb CAN.o
                0x00800320                message1
 COMMON         0x0080032b       0x1f Game.o
                0x0080032b                setpunktmotor
                0x0080032f                Slider_L
                0x00800333                solonoidFlag
                0x00800335                RightButton
                0x00800337                Reset
                0x00800339                servo
                0x0080033b                Slider_R
                0x0080033d                LeftButton
                0x0080033f                canMessage
 COMMON         0x0080034a        0x8 IR.o
                0x0080034a                readings
 COMMON         0x00800352        0xa PID.o
                0x00800352                pos
                0x00800354                posd
                0x00800356                speed
                0x00800358                e
                0x0080035a                abse
 COMMON         0x0080035c        0x2 PWM_driver.o
                0x0080035c                pulse
 COMMON         0x0080035e        0x6 c:/program files (x86)/atmel/atmel toolchain/avr8 gcc/native/3.4.1061/avr8-gnu-toolchain/bin/../lib/gcc/avr/4.8.1/../../../../avr/lib/avr6\libc.a(iob.o)
                0x0080035e                __iob
 COMMON         0x00800364        0x4 c:/program files (x86)/atmel/atmel toolchain/avr8 gcc/native/3.4.1061/avr8-gnu-toolchain/bin/../lib/gcc/avr/4.8.1/../../../../avr/lib/avr6\libc.a(malloc.o)
                0x00800364                __brkval
                0x00800366                __flp
                0x00800368                PROVIDE (__bss_end, .)
                0x00001fa8                __data_load_start = LOADADDR (.data)
                0x000020a4                __data_load_end = (__data_load_start + SIZEOF (.data))

.noinit         0x00800368        0x0
                0x00800368                PROVIDE (__noinit_start, .)
 *(.noinit*)
                0x00800368                PROVIDE (__noinit_end, .)
                0x00800368                _end = .
                0x00800368                PROVIDE (__heap_start, .)

.eeprom         0x00810000        0x0
 *(.eeprom*)
                0x00810000                __eeprom_end = .

.fuse
 *(.fuse)
 *(.lfuse)
 *(.hfuse)
 *(.efuse)

.lock
 *(.lock*)

.signature
 *(.signature*)

.user_signatures
 *(.user_signatures*)

.stab
 *(.stab)

.stabstr
 *(.stabstr)

.stab.excl
 *(.stab.excl)

.stab.exclstr
 *(.stab.exclstr)

.stab.index
 *(.stab.index)

.stab.indexstr
 *(.stab.indexstr)

.comment        0x00000000       0x5c
 *(.comment)
 .comment       0x00000000       0x30 ADC.o
                                 0x31 (size before relaxing)
 .comment       0x00000000       0x31 Arduino.o
 .comment       0x00000000       0x31 CAN.o
 .comment       0x00000000       0x31 CAN_controller_driver.o
 .comment       0x00000000       0x31 DAC.o
 .comment       0x00000000       0x31 Game.o
 .comment       0x00000000       0x31 IR.o
 .comment       0x00000000       0x31 motor_driver.o
 .comment       0x00000000       0x31 PID.o
 .comment       0x00000000       0x31 PWM_driver.o
 .comment       0x00000000       0x31 PWM_servo_driver.o
 .comment       0x00000000       0x31 TWI_Master.o
 .comment       0x00000000       0x31 UART_driver.o
 .comment       0x00000000       0x31 SPI_driver.o
 .comment       0x00000000       0x31 c:/program files (x86)/atmel/atmel toolchain/avr8 gcc/native/3.4.1061/avr8-gnu-toolchain/bin/../lib/gcc/avr/4.8.1/../../../../avr/lib/avr6\libc.a(fdevopen.o)
 .comment       0x00000000       0x31 c:/program files (x86)/atmel/atmel toolchain/avr8 gcc/native/3.4.1061/avr8-gnu-toolchain/bin/../lib/gcc/avr/4.8.1/../../../../avr/lib/avr6\libc.a(iob.o)
 .comment       0x00000000       0x31 c:/program files (x86)/atmel/atmel toolchain/avr8 gcc/native/3.4.1061/avr8-gnu-toolchain/bin/../lib/gcc/avr/4.8.1/../../../../avr/lib/avr6\libc.a(printf.o)
 .comment       0x00000000       0x31 c:/program files (x86)/atmel/atmel toolchain/avr8 gcc/native/3.4.1061/avr8-gnu-toolchain/bin/../lib/gcc/avr/4.8.1/../../../../avr/lib/avr6\libc.a(puts.o)
 .comment       0x00000030       0x2c c:/program files (x86)/atmel/atmel toolchain/avr8 gcc/native/3.4.1061/avr8-gnu-toolchain/bin/../lib/gcc/avr/4.8.1/../../../../avr/lib/avr6\libc.a(vfprintf_std.o)
                                 0x2d (size before relaxing)
 .comment       0x00000000       0x31 c:/program files (x86)/atmel/atmel toolchain/avr8 gcc/native/3.4.1061/avr8-gnu-toolchain/bin/../lib/gcc/avr/4.8.1/../../../../avr/lib/avr6\libc.a(calloc.o)
 .comment       0x00000000       0x31 c:/program files (x86)/atmel/atmel toolchain/avr8 gcc/native/3.4.1061/avr8-gnu-toolchain/bin/../lib/gcc/avr/4.8.1/../../../../avr/lib/avr6\libc.a(malloc.o)
 .comment       0x00000000       0x31 c:/program files (x86)/atmel/atmel toolchain/avr8 gcc/native/3.4.1061/avr8-gnu-toolchain/bin/../lib/gcc/avr/4.8.1/../../../../avr/lib/avr6\libc.a(fputc.o)

.note.gnu.build-id
 *(.note.gnu.build-id)

.debug
 *(.debug)

.line
 *(.line)

.debug_srcinfo
 *(.debug_srcinfo)

.debug_sfnames
 *(.debug_sfnames)

.debug_aranges  0x00000000      0x378
 *(.debug_aranges)
 .debug_aranges
                0x00000000       0x28 ADC.o
 .debug_aranges
                0x00000028       0x40 Arduino.o
 .debug_aranges
                0x00000068       0x58 CAN.o
 .debug_aranges
                0x000000c0       0x68 CAN_controller_driver.o
 .debug_aranges
                0x00000128       0x28 DAC.o
 .debug_aranges
                0x00000150       0x38 Game.o
 .debug_aranges
                0x00000188       0x40 IR.o
 .debug_aranges
                0x000001c8       0x48 motor_driver.o
 .debug_aranges
                0x00000210       0x60 PID.o
 .debug_aranges
                0x00000270       0x30 PWM_driver.o
 .debug_aranges
                0x000002a0       0x28 PWM_servo_driver.o
 .debug_aranges
                0x000002c8       0x50 TWI_Master.o
 .debug_aranges
                0x00000318       0x30 UART_driver.o
 .debug_aranges
                0x00000348       0x30 SPI_driver.o

.debug_pubnames
 *(.debug_pubnames)

.debug_info     0x00000000     0x316a
 *(.debug_info .gnu.linkonce.wi.*)
 .debug_info    0x00000000       0xe0 ADC.o
 .debug_info    0x000000e0      0xb5a Arduino.o
 .debug_info    0x00000c3a      0x5d6 CAN.o
 .debug_info    0x00001210      0x577 CAN_controller_driver.o
 .debug_info    0x00001787      0x13a DAC.o
 .debug_info    0x000018c1      0x5d3 Game.o
 .debug_info    0x00001e94      0x20f IR.o
 .debug_info    0x000020a3      0x42b motor_driver.o
 .debug_info    0x000024ce      0x437 PID.o
 .debug_info    0x00002905      0x177 PWM_driver.o
 .debug_info    0x00002a7c      0x1a6 PWM_servo_driver.o
 .debug_info    0x00002c22      0x27d TWI_Master.o
 .debug_info    0x00002e9f      0x201 UART_driver.o
 .debug_info    0x000030a0       0xca SPI_driver.o

.debug_abbrev   0x00000000     0x14b1
 *(.debug_abbrev)
 .debug_abbrev  0x00000000       0x92 ADC.o
 .debug_abbrev  0x00000092      0x2cb Arduino.o
 .debug_abbrev  0x0000035d      0x207 CAN.o
 .debug_abbrev  0x00000564      0x1f5 CAN_controller_driver.o
 .debug_abbrev  0x00000759      0x100 DAC.o
 .debug_abbrev  0x00000859      0x225 Game.o
 .debug_abbrev  0x00000a7e      0x14c IR.o
 .debug_abbrev  0x00000bca      0x1f2 motor_driver.o
 .debug_abbrev  0x00000dbc      0x1be PID.o
 .debug_abbrev  0x00000f7a       0xd1 PWM_driver.o
 .debug_abbrev  0x0000104b       0xeb PWM_servo_driver.o
 .debug_abbrev  0x00001136      0x18f TWI_Master.o
 .debug_abbrev  0x000012c5      0x15c UART_driver.o
 .debug_abbrev  0x00001421       0x90 SPI_driver.o

.debug_line     0x00000000     0x1c77
 *(.debug_line .debug_line.* .debug_line_end)
 .debug_line    0x00000000      0x117 ADC.o
 .debug_line    0x00000117      0x3d1 Arduino.o
 .debug_line    0x000004e8      0x2f9 CAN.o
 .debug_line    0x000007e1      0x317 CAN_controller_driver.o
 .debug_line    0x00000af8       0xf3 DAC.o
 .debug_line    0x00000beb      0x30c Game.o
 .debug_line    0x00000ef7      0x19c IR.o
 .debug_line    0x00001093      0x2b6 motor_driver.o
 .debug_line    0x00001349      0x228 PID.o
 .debug_line    0x00001571      0x142 PWM_driver.o
 .debug_line    0x000016b3       0xa1 PWM_servo_driver.o
 .debug_line    0x00001754      0x2c7 TWI_Master.o
 .debug_line    0x00001a1b      0x148 UART_driver.o
 .debug_line    0x00001b63      0x114 SPI_driver.o

.debug_frame    0x00000000      0x854
 *(.debug_frame)
 .debug_frame   0x00000000       0x34 ADC.o
 .debug_frame   0x00000034       0xe0 Arduino.o
 .debug_frame   0x00000114      0x110 CAN.o
 .debug_frame   0x00000224      0x10c CAN_controller_driver.o
 .debug_frame   0x00000330       0x44 DAC.o
 .debug_frame   0x00000374       0x9c Game.o
 .debug_frame   0x00000410       0x7c IR.o
 .debug_frame   0x0000048c       0x8c motor_driver.o
 .debug_frame   0x00000518      0x13c PID.o
 .debug_frame   0x00000654       0x78 PWM_driver.o
 .debug_frame   0x000006cc       0x48 PWM_servo_driver.o
 .debug_frame   0x00000714       0xb8 TWI_Master.o
 .debug_frame   0x000007cc       0x44 UART_driver.o
 .debug_frame   0x00000810       0x44 SPI_driver.o

.debug_str      0x00000000      0x9ed
 *(.debug_str)
 .debug_str     0x00000000      0x14c ADC.o
                                0x185 (size before relaxing)
 .debug_str     0x0000014c      0x1cc Arduino.o
                                0x34b (size before relaxing)
 .debug_str     0x00000318      0x14a CAN.o
                                0x2f4 (size before relaxing)
 .debug_str     0x00000462       0xa0 CAN_controller_driver.o
                                0x2cf (size before relaxing)
 .debug_str     0x00000502       0x9a DAC.o
                                0x1cd (size before relaxing)
 .debug_str     0x0000059c       0xea Game.o
                                0x34b (size before relaxing)
 .debug_str     0x00000686       0x6b IR.o
                                0x20d (size before relaxing)
 .debug_str     0x000006f1       0xa2 motor_driver.o
                                0x275 (size before relaxing)
 .debug_str     0x00000793       0x71 PID.o
                                0x28a (size before relaxing)
 .debug_str     0x00000804       0x69 PWM_driver.o
                                0x1d8 (size before relaxing)
 .debug_str     0x0000086d       0x45 PWM_servo_driver.o
                                0x1c1 (size before relaxing)
 .debug_str     0x000008b2       0xcd TWI_Master.o
                                0x268 (size before relaxing)
 .debug_str     0x0000097f       0x56 UART_driver.o
                                0x1b8 (size before relaxing)
 .debug_str     0x000009d5       0x18 SPI_driver.o
                                0x180 (size before relaxing)

.debug_loc      0x00000000     0x1b2a
 *(.debug_loc)
 .debug_loc     0x00000000       0x44 ADC.o
 .debug_loc     0x00000044      0x556 Arduino.o
 .debug_loc     0x0000059a      0x45d CAN.o
 .debug_loc     0x000009f7      0x3f3 CAN_controller_driver.o
 .debug_loc     0x00000dea       0x75 DAC.o
 .debug_loc     0x00000e5f      0x29a Game.o
 .debug_loc     0x000010f9       0xc1 IR.o
 .debug_loc     0x000011ba      0x1b3 motor_driver.o
 .debug_loc     0x0000136d      0x35c PID.o
 .debug_loc     0x000016c9      0x1a3 PWM_driver.o
 .debug_loc     0x0000186c      0x110 PWM_servo_driver.o
 .debug_loc     0x0000197c      0x150 TWI_Master.o
 .debug_loc     0x00001acc       0x5e UART_driver.o

.debug_macinfo
 *(.debug_macinfo)

.debug_weaknames
 *(.debug_weaknames)

.debug_funcnames
 *(.debug_funcnames)

.debug_typenames
 *(.debug_typenames)

.debug_varnames
 *(.debug_varnames)

.debug_pubtypes
 *(.debug_pubtypes)

.debug_ranges   0x00000000      0x310
 *(.debug_ranges)
 .debug_ranges  0x00000000       0x18 ADC.o
 .debug_ranges  0x00000018       0xa8 Arduino.o
 .debug_ranges  0x000000c0       0x48 CAN.o
 .debug_ranges  0x00000108       0x58 CAN_controller_driver.o
 .debug_ranges  0x00000160       0x18 DAC.o
 .debug_ranges  0x00000178       0x28 Game.o
 .debug_ranges  0x000001a0       0x30 IR.o
 .debug_ranges  0x000001d0       0x38 motor_driver.o
 .debug_ranges  0x00000208       0x50 PID.o
 .debug_ranges  0x00000258       0x20 PWM_driver.o
 .debug_ranges  0x00000278       0x18 PWM_servo_driver.o
 .debug_ranges  0x00000290       0x40 TWI_Master.o
 .debug_ranges  0x000002d0       0x20 UART_driver.o
 .debug_ranges  0x000002f0       0x20 SPI_driver.o

.debug_macro
 *(.debug_macro)
OUTPUT(Arduino.elf elf32-avr)
LOAD linker stubs
